
Merging program properties

Removed property 0xc0000002 to merge build/main.o (0x3) and build/kernel.o (not found)
Removed property 0xc0000002 to merge build/main.o (not found) and build/bitmap.o (0x3)
Removed property 0xc0000002 to merge build/main.o (not found) and build/memory.o (0x3)
Removed property 0xc0000002 to merge build/main.o (not found) and build/string.o (0x3)
Removed property 0xc0000002 to merge build/main.o (not found) and build/debug.o (0x3)
Removed property 0xc0000002 to merge build/main.o (not found) and build/thread.o (0x3)
Removed property 0xc0000002 to merge build/main.o (not found) and build/list.o (0x3)
Removed property 0xc0000002 to merge build/main.o (not found) and build/sync.o (0x3)
Removed property 0xc0000002 to merge build/main.o (not found) and build/console.o (0x3)
Removed property 0xc0000002 to merge build/main.o (not found) and build/keyboard.o (0x3)
Removed property 0xc0000002 to merge build/main.o (not found) and build/ioqueue.o (0x3)
Removed property 0xc0000002 to merge build/main.o (not found) and build/tss.o (0x3)
Removed property 0xc0000002 to merge build/main.o (not found) and build/process.o (0x3)

Allocating common symbols
Common symbol       size              file

thread_ready_list   0x10              build/main.o
thread_all_list     0x10              build/main.o
user_pool           0x2c              build/memory.o
kernel_addr         0xc               build/memory.o
intr_name           0xc0              build/interrupt.o
main_thread         0x4               build/main.o
ticks               0x4               build/timer.o
idt_table           0xc0              build/interrupt.o
kernel_pool         0x2c              build/memory.o

Discarded input sections

 .group         0x0000000000000000        0x8 build/main.o
 .group         0x0000000000000000        0x8 build/main.o
 .note.GNU-stack
                0x0000000000000000        0x0 build/main.o
 .note.gnu.property
                0x0000000000000000       0x1c build/main.o
 .group         0x0000000000000000        0x8 build/init.o
 .text.__x86.get_pc_thunk.bx
                0x0000000000000000        0x4 build/init.o
 .note.GNU-stack
                0x0000000000000000        0x0 build/init.o
 .note.gnu.property
                0x0000000000000000       0x1c build/init.o
 .group         0x0000000000000000        0x8 build/interrupt.o
 .group         0x0000000000000000        0x8 build/interrupt.o
 .text.__x86.get_pc_thunk.ax
                0x0000000000000000        0x4 build/interrupt.o
 .text.__x86.get_pc_thunk.bx
                0x0000000000000000        0x4 build/interrupt.o
 .note.GNU-stack
                0x0000000000000000        0x0 build/interrupt.o
 .note.gnu.property
                0x0000000000000000       0x1c build/interrupt.o
 .group         0x0000000000000000        0x8 build/timer.o
 .group         0x0000000000000000        0x8 build/timer.o
 .text.__x86.get_pc_thunk.ax
                0x0000000000000000        0x4 build/timer.o
 .text.__x86.get_pc_thunk.bx
                0x0000000000000000        0x4 build/timer.o
 .note.GNU-stack
                0x0000000000000000        0x0 build/timer.o
 .note.gnu.property
                0x0000000000000000       0x1c build/timer.o
 .group         0x0000000000000000        0x8 build/bitmap.o
 .text.__x86.get_pc_thunk.ax
                0x0000000000000000        0x4 build/bitmap.o
 .note.GNU-stack
                0x0000000000000000        0x0 build/bitmap.o
 .note.gnu.property
                0x0000000000000000       0x1c build/bitmap.o
 .group         0x0000000000000000        0x8 build/memory.o
 .group         0x0000000000000000        0x8 build/memory.o
 .text.__x86.get_pc_thunk.ax
                0x0000000000000000        0x4 build/memory.o
 .text.__x86.get_pc_thunk.bx
                0x0000000000000000        0x4 build/memory.o
 .note.GNU-stack
                0x0000000000000000        0x0 build/memory.o
 .note.gnu.property
                0x0000000000000000       0x1c build/memory.o
 .group         0x0000000000000000        0x8 build/string.o
 .text.__x86.get_pc_thunk.ax
                0x0000000000000000        0x4 build/string.o
 .note.GNU-stack
                0x0000000000000000        0x0 build/string.o
 .note.gnu.property
                0x0000000000000000       0x1c build/string.o
 .group         0x0000000000000000        0x8 build/debug.o
 .text.__x86.get_pc_thunk.bx
                0x0000000000000000        0x4 build/debug.o
 .note.GNU-stack
                0x0000000000000000        0x0 build/debug.o
 .note.gnu.property
                0x0000000000000000       0x1c build/debug.o
 .group         0x0000000000000000        0x8 build/thread.o
 .group         0x0000000000000000        0x8 build/thread.o
 .group         0x0000000000000000        0x8 build/thread.o
 .text.__x86.get_pc_thunk.ax
                0x0000000000000000        0x4 build/thread.o
 .text.__x86.get_pc_thunk.bx
                0x0000000000000000        0x4 build/thread.o
 .note.GNU-stack
                0x0000000000000000        0x0 build/thread.o
 .note.gnu.property
                0x0000000000000000       0x1c build/thread.o
 .group         0x0000000000000000        0x8 build/list.o
 .group         0x0000000000000000        0x8 build/list.o
 .text.__x86.get_pc_thunk.ax
                0x0000000000000000        0x4 build/list.o
 .text.__x86.get_pc_thunk.bx
                0x0000000000000000        0x4 build/list.o
 .note.GNU-stack
                0x0000000000000000        0x0 build/list.o
 .note.gnu.property
                0x0000000000000000       0x1c build/list.o
 .group         0x0000000000000000        0x8 build/sync.o
 .group         0x0000000000000000        0x8 build/sync.o
 .text.__x86.get_pc_thunk.ax
                0x0000000000000000        0x4 build/sync.o
 .text.__x86.get_pc_thunk.bx
                0x0000000000000000        0x4 build/sync.o
 .note.GNU-stack
                0x0000000000000000        0x0 build/sync.o
 .note.gnu.property
                0x0000000000000000       0x1c build/sync.o
 .group         0x0000000000000000        0x8 build/console.o
 .group         0x0000000000000000        0x8 build/console.o
 .text.__x86.get_pc_thunk.ax
                0x0000000000000000        0x4 build/console.o
 .text.__x86.get_pc_thunk.bx
                0x0000000000000000        0x4 build/console.o
 .note.GNU-stack
                0x0000000000000000        0x0 build/console.o
 .note.gnu.property
                0x0000000000000000       0x1c build/console.o
 .group         0x0000000000000000        0x8 build/keyboard.o
 .group         0x0000000000000000        0x8 build/keyboard.o
 .text.__x86.get_pc_thunk.ax
                0x0000000000000000        0x4 build/keyboard.o
 .text.__x86.get_pc_thunk.bx
                0x0000000000000000        0x4 build/keyboard.o
 .note.GNU-stack
                0x0000000000000000        0x0 build/keyboard.o
 .note.gnu.property
                0x0000000000000000       0x1c build/keyboard.o
 .group         0x0000000000000000        0x8 build/ioqueue.o
 .group         0x0000000000000000        0x8 build/ioqueue.o
 .text.__x86.get_pc_thunk.ax
                0x0000000000000000        0x4 build/ioqueue.o
 .text.__x86.get_pc_thunk.bx
                0x0000000000000000        0x4 build/ioqueue.o
 .note.GNU-stack
                0x0000000000000000        0x0 build/ioqueue.o
 .note.gnu.property
                0x0000000000000000       0x1c build/ioqueue.o
 .group         0x0000000000000000        0x8 build/tss.o
 .group         0x0000000000000000        0x8 build/tss.o
 .text.__x86.get_pc_thunk.ax
                0x0000000000000000        0x4 build/tss.o
 .text.__x86.get_pc_thunk.bx
                0x0000000000000000        0x4 build/tss.o
 .note.GNU-stack
                0x0000000000000000        0x0 build/tss.o
 .note.gnu.property
                0x0000000000000000       0x1c build/tss.o
 .group         0x0000000000000000        0x8 build/process.o
 .group         0x0000000000000000        0x8 build/process.o
 .text.__x86.get_pc_thunk.ax
                0x0000000000000000        0x4 build/process.o
 .text.__x86.get_pc_thunk.bx
                0x0000000000000000        0x4 build/process.o
 .note.GNU-stack
                0x0000000000000000        0x0 build/process.o
 .note.gnu.property
                0x0000000000000000       0x1c build/process.o

Memory Configuration

Name             Origin             Length             Attributes
*default*        0x0000000000000000 0xffffffffffffffff

Linker script and memory map

Address of section .text set to 0xc0001500
LOAD build/main.o
LOAD build/init.o
LOAD build/interrupt.o
LOAD build/timer.o
LOAD build/kernel.o
LOAD build/print.o
LOAD build/bitmap.o
LOAD build/memory.o
LOAD build/string.o
LOAD build/debug.o
LOAD build/thread.o
LOAD build/switch.o
LOAD build/list.o
LOAD build/sync.o
LOAD build/console.o
LOAD build/keyboard.o
LOAD build/ioqueue.o
LOAD build/tss.o
LOAD build/process.o
                [!provide]                        PROVIDE (__executable_start = SEGMENT_START ("text-segment", 0x8048000))
                0x00000000080480d4                . = (SEGMENT_START ("text-segment", 0x8048000) + SIZEOF_HEADERS)

.interp
 *(.interp)

.note.gnu.build-id
 *(.note.gnu.build-id)

.hash
 *(.hash)

.gnu.hash
 *(.gnu.hash)

.dynsym
 *(.dynsym)

.dynstr
 *(.dynstr)

.gnu.version
 *(.gnu.version)

.gnu.version_d
 *(.gnu.version_d)

.gnu.version_r
 *(.gnu.version_r)

.rel.dyn        0x00000000080480d4        0x0
 *(.rel.init)
 *(.rel.text .rel.text.* .rel.gnu.linkonce.t.*)
 .rel.text      0x00000000080480d4        0x0 build/main.o
 *(.rel.fini)
 *(.rel.rodata .rel.rodata.* .rel.gnu.linkonce.r.*)
 *(.rel.data.rel.ro .rel.data.rel.ro.* .rel.gnu.linkonce.d.rel.ro.*)
 *(.rel.data .rel.data.* .rel.gnu.linkonce.d.*)
 *(.rel.tdata .rel.tdata.* .rel.gnu.linkonce.td.*)
 *(.rel.tbss .rel.tbss.* .rel.gnu.linkonce.tb.*)
 *(.rel.ctors)
 *(.rel.dtors)
 *(.rel.got)
 .rel.got       0x00000000080480d4        0x0 build/main.o
 *(.rel.bss .rel.bss.* .rel.gnu.linkonce.b.*)
 *(.rel.ifunc)

.rel.plt        0x00000000080480d4        0x0
 *(.rel.plt)
                [!provide]                        PROVIDE (__rel_iplt_start = .)
 *(.rel.iplt)
 .rel.iplt      0x00000000080480d4        0x0 build/main.o
                [!provide]                        PROVIDE (__rel_iplt_end = .)
                0x0000000008049000                . = ALIGN (CONSTANT (MAXPAGESIZE))

.init
 *(SORT_NONE(.init))

.plt            0x0000000008049000        0x0
 *(.plt)
 *(.iplt)
 .iplt          0x0000000008049000        0x0 build/main.o

.plt.got
 *(.plt.got)

.plt.sec
 *(.plt.sec)

.text           0x00000000c0001500     0x3a09
 *(.text.unlikely .text.*_unlikely .text.unlikely.*)
 *(.text.exit .text.exit.*)
 *(.text.startup .text.startup.*)
 *(.text.hot .text.hot.*)
 *(SORT_BY_NAME(.text.sorted.*))
 *(.text .stub .text.* .gnu.linkonce.t.*)
 .text          0x00000000c0001500      0x168 build/main.o
                0x00000000c0001500                main
                0x00000000c00015ac                k_thread_function_a
                0x00000000c00015e8                k_thread_function_b
                0x00000000c0001624                user_process_a
                0x00000000c0001646                user_process_b
 .text.__x86.get_pc_thunk.ax
                0x00000000c0001668        0x4 build/main.o
                0x00000000c0001668                __x86.get_pc_thunk.ax
 .text.__x86.get_pc_thunk.bx
                0x00000000c000166c        0x4 build/main.o
                0x00000000c000166c                __x86.get_pc_thunk.bx
 .text          0x00000000c0001670       0x51 build/init.o
                0x00000000c0001670                init_all
 .text          0x00000000c00016c1      0x57d build/interrupt.o
                0x00000000c00016ec                intr_enable
                0x00000000c0001723                intr_disable
                0x00000000c0001759                intr_get_status
                0x00000000c0001784                intr_set_status
                0x00000000c0001ba5                idt_init
                0x00000000c0001c11                register_handler
 .text          0x00000000c0001c3e      0x1c6 build/timer.o
                0x00000000c0001d98                timer_init
 *fill*         0x00000000c0001e04        0xc 
 .text          0x00000000c0001e10      0x541 build/kernel.o
                0x00000000c0001e10                intr_exit
 *fill*         0x00000000c0002351        0xf 
 .text          0x00000000c0002360      0x14e build/print.o
                0x00000000c0002360                put_int
                0x00000000c00023c3                put_str
                0x00000000c00023e1                put_char
                0x00000000c0002490                set_cursor
 .text          0x00000000c00024ae      0x29d build/bitmap.o
                0x00000000c00024ae                bitmap_init
                0x00000000c00024e5                bitmap_scan_test
                0x00000000c0002533                bitmap_scan
                0x00000000c000267f                bitmap_set
 .text          0x00000000c000274b      0x8ec build/memory.o
                0x00000000c0002ca6                malloc_page
                0x00000000c0002d80                get_kernel_pages
                0x00000000c0002dce                get_user_pages
                0x00000000c0002e40                get_a_page
                0x00000000c0002f7b                addr_v2p
                0x00000000c0002fb5                mem_init
 .text          0x00000000c0003037      0x4cc build/string.o
                0x00000000c0003037                memset
                0x00000000c00030a4                memcpy
                0x00000000c0003120                memcmp
                0x00000000c00031c0                strcpy
                0x00000000c000322f                strlen
                0x00000000c0003290                strcmp
                0x00000000c0003323                strchr
                0x00000000c0003392                strrchr
                0x00000000c0003406                strcat
                0x00000000c000348a                strchrs
 .text          0x00000000c0003503       0xe4 build/debug.o
                0x00000000c0003503                panic_spin
 .text          0x00000000c00035e7      0x63e build/thread.o
                0x00000000c00036bc                running_thread
                0x00000000c00036df                thread_create
                0x00000000c0003767                init_thread
                0x00000000c0003810                thread_start
                0x00000000c0003910                schedule
                0x00000000c0003a5e                thread_block
                0x00000000c0003ada                thread_unblock
                0x00000000c0003bbc                thread_init
 .text.__x86.get_pc_thunk.dx
                0x00000000c0003c25        0x4 build/thread.o
                0x00000000c0003c25                __x86.get_pc_thunk.dx
 *fill*         0x00000000c0003c29        0x7 
 .text          0x00000000c0003c30       0x15 build/switch.o
                0x00000000c0003c30                switch_to
 .text          0x00000000c0003c45      0x286 build/list.o
                0x00000000c0003c45                list_init
                0x00000000c0003c81                list_insert_before
                0x00000000c0003cd9                list_push
                0x00000000c0003d05                list_append
                0x00000000c0003d31                list_remove
                0x00000000c0003d7e                list_pop
                0x00000000c0003dae                list_find
                0x00000000c0003df7                list_empty
                0x00000000c0003e1e                list_length
                0x00000000c0003e61                list_traversal
 .text          0x00000000c0003ecb      0x368 build/sync.o
                0x00000000c0003ecb                semaphore_init
                0x00000000c0003f09                lock_init
                0x00000000c0003f47                semaphore_down
                0x00000000c0004026                semaphore_up
                0x00000000c00040f4                lock_acquire
                0x00000000c0004180                lock_release
 .text          0x00000000c0004233      0x131 build/console.o
                0x00000000c0004233                console_init
                0x00000000c0004262                console_acquire
                0x00000000c0004291                console_release
                0x00000000c00042c0                console_put_str
                0x00000000c00042f4                console_put_char
                0x00000000c0004330                console_put_int
 .text          0x00000000c0004364      0x312 build/keyboard.o
                0x00000000c0004610                keyboard_init
 .text          0x00000000c0004676      0x2e4 build/ioqueue.o
                0x00000000c0004676                ioqueue_init
                0x00000000c00046f6                is_queue_full
                0x00000000c0004726                is_queue_empty
                0x00000000c00047b7                queue_getchar
                0x00000000c0004887                queue_putchar
 .text          0x00000000c000495a      0x1be build/tss.o
                0x00000000c000495a                update_tss_esp
                0x00000000c00049f3                tss_init
 .text          0x00000000c0004b18      0x3f1 build/process.o
                0x00000000c0004b18                start_process
                0x00000000c0004c32                page_dir_activate
                0x00000000c0004c7b                process_activate
                0x00000000c0004ce2                create_page_dir
                0x00000000c0004d7c                create_user_vaddr_bitmap
                0x00000000c0004dd9                process_execute
 *(.gnu.warning)

.fini
 *(SORT_NONE(.fini))
                [!provide]                        PROVIDE (__etext = .)
                [!provide]                        PROVIDE (_etext = .)
                [!provide]                        PROVIDE (etext = .)
                0x00000000c0005000                . = ALIGN (CONSTANT (MAXPAGESIZE))
                0x00000000c0005000                . = SEGMENT_START ("rodata-segment", (ALIGN (CONSTANT (MAXPAGESIZE)) + (. & (CONSTANT (MAXPAGESIZE) - 0x1))))

.rodata         0x00000000c0005000      0xb7c
 *(.rodata .rodata.* .gnu.linkonce.r.*)
 .rodata        0x00000000c0005000       0x64 build/main.o
 .rodata        0x00000000c0005064        0xb build/init.o
 *fill*         0x00000000c000506f        0x1 
 .rodata        0x00000000c0005070      0x2b8 build/interrupt.o
 .rodata        0x00000000c0005328       0x6f build/timer.o
 *fill*         0x00000000c0005397        0x1 
 .rodata        0x00000000c0005398       0x5f build/bitmap.o
 *fill*         0x00000000c00053f7        0x1 
 .rodata        0x00000000c00053f8      0x153 build/memory.o
 *fill*         0x00000000c000554b        0x1 
 .rodata        0x00000000c000554c       0xb4 build/string.o
 .rodata        0x00000000c0005600       0x3c build/debug.o
 .rodata        0x00000000c000563c      0x2a7 build/thread.o
 *fill*         0x00000000c00058e3        0x1 
 .rodata        0x00000000c00058e4      0x101 build/sync.o
 .rodata        0x00000000c00059e5       0x3a build/keyboard.o
 *fill*         0x00000000c0005a1f        0x1 
 .rodata        0x00000000c0005a20       0x4e build/ioqueue.o
 .rodata        0x00000000c0005a6e       0x23 build/tss.o
 *fill*         0x00000000c0005a91        0x3 
 .rodata        0x00000000c0005a94       0xe8 build/process.o

.rodata1
 *(.rodata1)

.eh_frame_hdr
 *(.eh_frame_hdr)
 *(.eh_frame_entry .eh_frame_entry.*)

.eh_frame       0x00000000c0005b7c      0xe70
 *(.eh_frame)
 .eh_frame      0x00000000c0005b7c       0xd8 build/main.o
 .eh_frame      0x00000000c0005c54       0x24 build/init.o
                                         0x50 (size before relaxing)
 .eh_frame      0x00000000c0005c78      0x1b4 build/interrupt.o
                                        0x1f4 (size before relaxing)
 .eh_frame      0x00000000c0005e2c       0x94 build/timer.o
                                         0xd4 (size before relaxing)
 .eh_frame      0x00000000c0005ec0       0x90 build/bitmap.o
                                         0xbc (size before relaxing)
 .eh_frame      0x00000000c0005f50      0x1ec build/memory.o
                                        0x22c (size before relaxing)
 .eh_frame      0x00000000c000613c      0x168 build/string.o
                                        0x194 (size before relaxing)
 .eh_frame      0x00000000c00062a4       0x1c build/debug.o
                                         0x48 (size before relaxing)
 .eh_frame      0x00000000c00062c0      0x174 build/thread.o
                                        0x1b4 (size before relaxing)
 .eh_frame      0x00000000c0006434      0x148 build/list.o
                                        0x188 (size before relaxing)
 .eh_frame      0x00000000c000657c       0xd8 build/sync.o
                                        0x118 (size before relaxing)
 .eh_frame      0x00000000c0006654       0xd8 build/console.o
                                        0x118 (size before relaxing)
 .eh_frame      0x00000000c000672c       0x68 build/keyboard.o
                                         0xa8 (size before relaxing)
 .eh_frame      0x00000000c0006794      0x114 build/ioqueue.o
                                        0x154 (size before relaxing)
 .eh_frame      0x00000000c00068a8       0x6c build/tss.o
                                         0xac (size before relaxing)
 .eh_frame      0x00000000c0006914       0xd8 build/process.o
                                        0x118 (size before relaxing)
 *(.eh_frame.*)

.gcc_except_table
 *(.gcc_except_table .gcc_except_table.*)

.gnu_extab
 *(.gnu_extab*)

.exception_ranges
 *(.exception_ranges*)
                0x00000000c0008000                . = DATA_SEGMENT_ALIGN (CONSTANT (MAXPAGESIZE), CONSTANT (COMMONPAGESIZE))

.eh_frame
 *(.eh_frame)
 *(.eh_frame.*)

.gnu_extab
 *(.gnu_extab)

.gcc_except_table
 *(.gcc_except_table .gcc_except_table.*)

.exception_ranges
 *(.exception_ranges*)

.tdata          0x00000000c0008000        0x0
                [!provide]                        PROVIDE (__tdata_start = .)
 *(.tdata .tdata.* .gnu.linkonce.td.*)

.tbss
 *(.tbss .tbss.* .gnu.linkonce.tb.*)
 *(.tcommon)

.preinit_array  0x00000000c0008000        0x0
                [!provide]                        PROVIDE (__preinit_array_start = .)
 *(.preinit_array)
                [!provide]                        PROVIDE (__preinit_array_end = .)

.init_array     0x00000000c0008000        0x0
                [!provide]                        PROVIDE (__init_array_start = .)
 *(SORT_BY_INIT_PRIORITY(.init_array.*) SORT_BY_INIT_PRIORITY(.ctors.*))
 *(.init_array EXCLUDE_FILE(*crtend?.o *crtend.o *crtbegin?.o *crtbegin.o) .ctors)
                [!provide]                        PROVIDE (__init_array_end = .)

.fini_array     0x00000000c0008000        0x0
                [!provide]                        PROVIDE (__fini_array_start = .)
 *(SORT_BY_INIT_PRIORITY(.fini_array.*) SORT_BY_INIT_PRIORITY(.dtors.*))
 *(.fini_array EXCLUDE_FILE(*crtend?.o *crtend.o *crtbegin?.o *crtbegin.o) .dtors)
                [!provide]                        PROVIDE (__fini_array_end = .)

.ctors
 *crtbegin.o(.ctors)
 *crtbegin?.o(.ctors)
 *(EXCLUDE_FILE(*crtend?.o *crtend.o) .ctors)
 *(SORT_BY_NAME(.ctors.*))
 *(.ctors)

.dtors
 *crtbegin.o(.dtors)
 *crtbegin?.o(.dtors)
 *(EXCLUDE_FILE(*crtend?.o *crtend.o) .dtors)
 *(SORT_BY_NAME(.dtors.*))
 *(.dtors)

.jcr
 *(.jcr)

.data.rel.ro
 *(.data.rel.ro.local* .gnu.linkonce.d.rel.ro.local.*)
 *(.data.rel.ro .data.rel.ro.* .gnu.linkonce.d.rel.ro.*)

.dynamic
 *(.dynamic)

.got            0x00000000c0008000        0x0
 *(.got)
 .got           0x00000000c0008000        0x0 build/main.o
 *(.igot)
                0x00000000c0008ff4                . = DATA_SEGMENT_RELRO_END (., (SIZEOF (.got.plt) >= 0xc)?0xc:0x0)

.got.plt        0x00000000c0008000        0xc
 *(.got.plt)
 .got.plt       0x00000000c0008000        0xc build/main.o
                0x00000000c0008000                _GLOBAL_OFFSET_TABLE_
 *(.igot.plt)
 .igot.plt      0x00000000c000800c        0x0 build/main.o

.data           0x00000000c0008020      0x156
 *(.data .data.* .gnu.linkonce.d.*)
 .data          0x00000000c0008020        0x0 build/main.o
 .data          0x00000000c0008020        0x0 build/init.o
 .data          0x00000000c0008020        0x0 build/interrupt.o
 .data          0x00000000c0008020        0x0 build/timer.o
 .data          0x00000000c0008020       0xd2 build/kernel.o
                0x00000000c0008032                intr_entry_table
 *fill*         0x00000000c00080f2        0x2 
 .data          0x00000000c00080f4        0x8 build/print.o
 .data          0x00000000c00080fc        0x0 build/bitmap.o
 .data          0x00000000c00080fc        0x0 build/memory.o
 .data          0x00000000c00080fc        0x0 build/string.o
 .data          0x00000000c00080fc        0x0 build/debug.o
 .data          0x00000000c00080fc        0x0 build/thread.o
 .data          0x00000000c00080fc        0x0 build/list.o
 .data          0x00000000c00080fc        0x0 build/sync.o
 .data          0x00000000c00080fc        0x0 build/console.o
 *fill*         0x00000000c00080fc        0x4 
 .data          0x00000000c0008100       0x76 build/keyboard.o
 .data          0x00000000c0008176        0x0 build/ioqueue.o
 .data          0x00000000c0008176        0x0 build/tss.o
 .data          0x00000000c0008176        0x0 build/process.o

.data1
 *(.data1)
                0x00000000c0008176                _edata = .
                [!provide]                        PROVIDE (edata = .)
                0x00000000c0008176                . = .
                0x00000000c0008176                __bss_start = .

.bss            0x00000000c0008180      0x4ec
 *(.dynbss)
 *(.bss .bss.* .gnu.linkonce.b.*)
 .bss           0x00000000c0008180        0x8 build/main.o
                0x00000000c0008180                test_var_a
                0x00000000c0008184                test_var_b
 .bss           0x00000000c0008188        0x0 build/init.o
 *fill*         0x00000000c0008188       0x18 
 .bss           0x00000000c00081a0      0x180 build/interrupt.o
 .bss           0x00000000c0008320        0x0 build/timer.o
 .bss           0x00000000c0008320        0x0 build/bitmap.o
 .bss           0x00000000c0008320        0x0 build/memory.o
 .bss           0x00000000c0008320        0x0 build/string.o
 .bss           0x00000000c0008320        0x0 build/debug.o
 .bss           0x00000000c0008320        0x4 build/thread.o
 .bss           0x00000000c0008324        0x0 build/list.o
 .bss           0x00000000c0008324        0x0 build/sync.o
 .bss           0x00000000c0008324       0x1c build/console.o
 .bss           0x00000000c0008340       0x74 build/keyboard.o
 .bss           0x00000000c00083b4        0x0 build/ioqueue.o
 *fill*         0x00000000c00083b4        0xc 
 .bss           0x00000000c00083c0       0x6c build/tss.o
 .bss           0x00000000c000842c        0x0 build/process.o
 *(COMMON)
 COMMON         0x00000000c000842c       0x24 build/main.o
                0x00000000c000842c                thread_ready_list
                0x00000000c000843c                thread_all_list
                0x00000000c000844c                main_thread
 *fill*         0x00000000c0008450       0x10 
 COMMON         0x00000000c0008460      0x180 build/interrupt.o
                0x00000000c0008460                intr_name
                0x00000000c0008520                idt_table
 COMMON         0x00000000c00085e0        0x4 build/timer.o
                0x00000000c00085e0                ticks
 *fill*         0x00000000c00085e4       0x1c 
 COMMON         0x00000000c0008600       0x6c build/memory.o
                0x00000000c0008600                user_pool
                0x00000000c000862c                kernel_addr
                0x00000000c0008640                kernel_pool
                0x00000000c000866c                . = ALIGN ((. != 0x0)?0x4:0x1)
                0x00000000c000866c                . = ALIGN (0x4)
                0x00000000c000866c                . = SEGMENT_START ("ldata-segment", .)
                0x00000000c000866c                . = ALIGN (0x4)
                0x00000000c000866c                _end = .
                [!provide]                        PROVIDE (end = .)
                0x00000000c000866c                . = DATA_SEGMENT_END (.)

.stab
 *(.stab)

.stabstr
 *(.stabstr)

.stab.excl
 *(.stab.excl)

.stab.exclstr
 *(.stab.exclstr)

.stab.index
 *(.stab.index)

.stab.indexstr
 *(.stab.indexstr)

.comment        0x0000000000000000       0x2a
 *(.comment)
 .comment       0x0000000000000000       0x2a build/main.o
                                         0x2b (size before relaxing)
 .comment       0x000000000000002a       0x2b build/init.o
 .comment       0x000000000000002a       0x2b build/interrupt.o
 .comment       0x000000000000002a       0x2b build/timer.o
 .comment       0x000000000000002a       0x2b build/bitmap.o
 .comment       0x000000000000002a       0x2b build/memory.o
 .comment       0x000000000000002a       0x2b build/string.o
 .comment       0x000000000000002a       0x2b build/debug.o
 .comment       0x000000000000002a       0x2b build/thread.o
 .comment       0x000000000000002a       0x2b build/list.o
 .comment       0x000000000000002a       0x2b build/sync.o
 .comment       0x000000000000002a       0x2b build/console.o
 .comment       0x000000000000002a       0x2b build/keyboard.o
 .comment       0x000000000000002a       0x2b build/ioqueue.o
 .comment       0x000000000000002a       0x2b build/tss.o
 .comment       0x000000000000002a       0x2b build/process.o

.gnu.build.attributes
 *(.gnu.build.attributes .gnu.build.attributes.*)

.debug
 *(.debug)

.line
 *(.line)

.debug_srcinfo
 *(.debug_srcinfo)

.debug_sfnames
 *(.debug_sfnames)

.debug_aranges
 *(.debug_aranges)

.debug_pubnames
 *(.debug_pubnames)

.debug_info
 *(.debug_info .gnu.linkonce.wi.*)

.debug_abbrev
 *(.debug_abbrev)

.debug_line
 *(.debug_line .debug_line.* .debug_line_end)

.debug_frame
 *(.debug_frame)

.debug_str
 *(.debug_str)

.debug_loc
 *(.debug_loc)

.debug_macinfo
 *(.debug_macinfo)

.debug_weaknames
 *(.debug_weaknames)

.debug_funcnames
 *(.debug_funcnames)

.debug_typenames
 *(.debug_typenames)

.debug_varnames
 *(.debug_varnames)

.debug_pubtypes
 *(.debug_pubtypes)

.debug_ranges
 *(.debug_ranges)

.debug_macro
 *(.debug_macro)

.debug_addr
 *(.debug_addr)

.gnu.attributes
 *(.gnu.attributes)

/DISCARD/
 *(.note.GNU-stack)
 *(.gnu_debuglink)
 *(.gnu.lto_*)
OUTPUT(build/kernel.bin elf32-i386)
