
Merging program properties

Removed property 0xc0000002 to merge build/main.o (0x3) and build/kernel.o (not found)
Removed property 0xc0000002 to merge build/main.o (not found) and build/bitmap.o (0x3)
Removed property 0xc0000002 to merge build/main.o (not found) and build/memory.o (0x3)
Removed property 0xc0000002 to merge build/main.o (not found) and build/string.o (0x3)
Removed property 0xc0000002 to merge build/main.o (not found) and build/debug.o (0x3)
Removed property 0xc0000002 to merge build/main.o (not found) and build/thread.o (0x3)
Removed property 0xc0000002 to merge build/main.o (not found) and build/list.o (0x3)

Allocating common symbols
Common symbol       size              file

thread_ready_list   0x10              build/thread.o
thread_all_list     0x10              build/thread.o
user_pool           0x10              build/memory.o
kernel_addr         0xc               build/memory.o
intr_name           0x84              build/interrupt.o
main_thread         0x4               build/thread.o
ticks               0x4               build/timer.o
idt_table           0x84              build/interrupt.o
kernel_pool         0x10              build/memory.o

Discarded input sections

 .group         0x0000000000000000        0x8 build/main.o
 .note.GNU-stack
                0x0000000000000000        0x0 build/main.o
 .note.gnu.property
                0x0000000000000000       0x1c build/main.o
 .group         0x0000000000000000        0x8 build/init.o
 .text.__x86.get_pc_thunk.bx
                0x0000000000000000        0x4 build/init.o
 .note.GNU-stack
                0x0000000000000000        0x0 build/init.o
 .note.gnu.property
                0x0000000000000000       0x1c build/init.o
 .group         0x0000000000000000        0x8 build/interrupt.o
 .group         0x0000000000000000        0x8 build/interrupt.o
 .text.__x86.get_pc_thunk.bx
                0x0000000000000000        0x4 build/interrupt.o
 .note.GNU-stack
                0x0000000000000000        0x0 build/interrupt.o
 .note.gnu.property
                0x0000000000000000       0x1c build/interrupt.o
 .group         0x0000000000000000        0x8 build/timer.o
 .group         0x0000000000000000        0x8 build/timer.o
 .text.__x86.get_pc_thunk.ax
                0x0000000000000000        0x4 build/timer.o
 .text.__x86.get_pc_thunk.bx
                0x0000000000000000        0x4 build/timer.o
 .note.GNU-stack
                0x0000000000000000        0x0 build/timer.o
 .note.gnu.property
                0x0000000000000000       0x1c build/timer.o
 .group         0x0000000000000000        0x8 build/bitmap.o
 .text.__x86.get_pc_thunk.ax
                0x0000000000000000        0x4 build/bitmap.o
 .note.GNU-stack
                0x0000000000000000        0x0 build/bitmap.o
 .note.gnu.property
                0x0000000000000000       0x1c build/bitmap.o
 .group         0x0000000000000000        0x8 build/memory.o
 .group         0x0000000000000000        0x8 build/memory.o
 .text.__x86.get_pc_thunk.ax
                0x0000000000000000        0x4 build/memory.o
 .text.__x86.get_pc_thunk.bx
                0x0000000000000000        0x4 build/memory.o
 .note.GNU-stack
                0x0000000000000000        0x0 build/memory.o
 .note.gnu.property
                0x0000000000000000       0x1c build/memory.o
 .group         0x0000000000000000        0x8 build/string.o
 .text.__x86.get_pc_thunk.ax
                0x0000000000000000        0x4 build/string.o
 .note.GNU-stack
                0x0000000000000000        0x0 build/string.o
 .note.gnu.property
                0x0000000000000000       0x1c build/string.o
 .group         0x0000000000000000        0x8 build/debug.o
 .text.__x86.get_pc_thunk.bx
                0x0000000000000000        0x4 build/debug.o
 .note.GNU-stack
                0x0000000000000000        0x0 build/debug.o
 .note.gnu.property
                0x0000000000000000       0x1c build/debug.o
 .group         0x0000000000000000        0x8 build/thread.o
 .group         0x0000000000000000        0x8 build/thread.o
 .group         0x0000000000000000        0x8 build/thread.o
 .text.__x86.get_pc_thunk.ax
                0x0000000000000000        0x4 build/thread.o
 .text.__x86.get_pc_thunk.bx
                0x0000000000000000        0x4 build/thread.o
 .note.GNU-stack
                0x0000000000000000        0x0 build/thread.o
 .note.gnu.property
                0x0000000000000000       0x1c build/thread.o
 .group         0x0000000000000000        0x8 build/list.o
 .group         0x0000000000000000        0x8 build/list.o
 .text.__x86.get_pc_thunk.ax
                0x0000000000000000        0x4 build/list.o
 .text.__x86.get_pc_thunk.bx
                0x0000000000000000        0x4 build/list.o
 .note.GNU-stack
                0x0000000000000000        0x0 build/list.o
 .note.gnu.property
                0x0000000000000000       0x1c build/list.o

Memory Configuration

Name             Origin             Length             Attributes
*default*        0x0000000000000000 0xffffffffffffffff

Linker script and memory map

Address of section .text set to 0xc0001500
LOAD build/main.o
LOAD build/init.o
LOAD build/interrupt.o
LOAD build/timer.o
LOAD build/kernel.o
LOAD build/print.o
LOAD build/bitmap.o
LOAD build/memory.o
LOAD build/string.o
LOAD build/debug.o
LOAD build/thread.o
LOAD build/switch.o
LOAD build/list.o
                [!provide]                        PROVIDE (__executable_start = SEGMENT_START ("text-segment", 0x8048000))
                0x00000000080480d4                . = (SEGMENT_START ("text-segment", 0x8048000) + SIZEOF_HEADERS)

.interp
 *(.interp)

.note.gnu.build-id
 *(.note.gnu.build-id)

.hash
 *(.hash)

.gnu.hash
 *(.gnu.hash)

.dynsym
 *(.dynsym)

.dynstr
 *(.dynstr)

.gnu.version
 *(.gnu.version)

.gnu.version_d
 *(.gnu.version_d)

.gnu.version_r
 *(.gnu.version_r)

.rel.dyn        0x00000000080480d4        0x0
 *(.rel.init)
 *(.rel.text .rel.text.* .rel.gnu.linkonce.t.*)
 .rel.text      0x00000000080480d4        0x0 build/main.o
 *(.rel.fini)
 *(.rel.rodata .rel.rodata.* .rel.gnu.linkonce.r.*)
 *(.rel.data.rel.ro .rel.data.rel.ro.* .rel.gnu.linkonce.d.rel.ro.*)
 *(.rel.data .rel.data.* .rel.gnu.linkonce.d.*)
 *(.rel.tdata .rel.tdata.* .rel.gnu.linkonce.td.*)
 *(.rel.tbss .rel.tbss.* .rel.gnu.linkonce.tb.*)
 *(.rel.ctors)
 *(.rel.dtors)
 *(.rel.got)
 .rel.got       0x00000000080480d4        0x0 build/main.o
 *(.rel.bss .rel.bss.* .rel.gnu.linkonce.b.*)
 *(.rel.ifunc)

.rel.plt        0x00000000080480d4        0x0
 *(.rel.plt)
                [!provide]                        PROVIDE (__rel_iplt_start = .)
 *(.rel.iplt)
 .rel.iplt      0x00000000080480d4        0x0 build/main.o
                [!provide]                        PROVIDE (__rel_iplt_end = .)
                0x0000000008049000                . = ALIGN (CONSTANT (MAXPAGESIZE))

.init
 *(SORT_NONE(.init))

.plt            0x0000000008049000        0x0
 *(.plt)
 *(.iplt)
 .iplt          0x0000000008049000        0x0 build/main.o

.plt.got
 *(.plt.got)

.plt.sec
 *(.plt.sec)

.text           0x00000000c0001500     0x232b
 *(.text.unlikely .text.*_unlikely .text.unlikely.*)
 *(.text.exit .text.exit.*)
 *(.text.startup .text.startup.*)
 *(.text.hot .text.hot.*)
 *(SORT_BY_NAME(.text.sorted.*))
 *(.text .stub .text.* .gnu.linkonce.t.*)
 .text          0x00000000c0001500       0xf6 build/main.o
                0x00000000c0001500                main
                0x00000000c0001596                k_thread_function_a
                0x00000000c00015c6                k_thread_function_b
 .text.__x86.get_pc_thunk.bx
                0x00000000c00015f6        0x4 build/main.o
                0x00000000c00015f6                __x86.get_pc_thunk.bx
 .text          0x00000000c00015fa       0x42 build/init.o
                0x00000000c00015fa                init_all
 .text          0x00000000c000163c      0x57d build/interrupt.o
                0x00000000c0001667                intr_enable
                0x00000000c000169e                intr_disable
                0x00000000c00016d4                intr_get_status
                0x00000000c00016ff                intr_set_status
                0x00000000c0001b20                idt_init
                0x00000000c0001b8c                register_handler
 .text.__x86.get_pc_thunk.ax
                0x00000000c0001bb9        0x4 build/interrupt.o
                0x00000000c0001bb9                __x86.get_pc_thunk.ax
 .text          0x00000000c0001bbd      0x1c6 build/timer.o
                0x00000000c0001d17                timer_init
 *fill*         0x00000000c0001d83        0xd 
 .text          0x00000000c0001d90      0x39d build/kernel.o
                0x00000000c0001d90                intr_exit
 *fill*         0x00000000c000212d        0x3 
 .text          0x00000000c0002130      0x14e build/print.o
                0x00000000c0002130                put_int
                0x00000000c0002193                put_str
                0x00000000c00021b1                put_char
                0x00000000c0002260                set_cursor
 .text          0x00000000c000227e      0x267 build/bitmap.o
                0x00000000c000227e                bitmap_init
                0x00000000c00022b5                bitmap_scan_test
                0x00000000c0002303                bitmap_scan
                0x00000000c0002419                bitmap_set
 .text          0x00000000c00024e5      0x61c build/memory.o
                0x00000000c0002981                malloc_page
                0x00000000c0002a5b                get_kernel_pages
                0x00000000c0002aa9                mem_init
 .text          0x00000000c0002b01      0x4cc build/string.o
                0x00000000c0002b01                memset
                0x00000000c0002b6e                memcpy
                0x00000000c0002bea                memcmp
                0x00000000c0002c8a                strcpy
                0x00000000c0002cf9                strlen
                0x00000000c0002d5a                strcmp
                0x00000000c0002ded                strchr
                0x00000000c0002e5c                strrchr
                0x00000000c0002ed0                strcat
                0x00000000c0002f54                strchrs
 .text          0x00000000c0002fcd       0xe4 build/debug.o
                0x00000000c0002fcd                panic_spin
 .text          0x00000000c00030b1      0x4d2 build/thread.o
                0x00000000c0003186                running_thread
                0x00000000c00031a9                thread_create
                0x00000000c0003231                init_thread
                0x00000000c00032da                thread_start
                0x00000000c00033da                schedule
                0x00000000c000351a                thread_init
 .text.__x86.get_pc_thunk.dx
                0x00000000c0003583        0x4 build/thread.o
                0x00000000c0003583                __x86.get_pc_thunk.dx
 *fill*         0x00000000c0003587        0x9 
 .text          0x00000000c0003590       0x15 build/switch.o
                0x00000000c0003590                switch_to
 .text          0x00000000c00035a5      0x286 build/list.o
                0x00000000c00035a5                list_init
                0x00000000c00035e1                list_insert_before
                0x00000000c0003639                list_push
                0x00000000c0003665                list_append
                0x00000000c0003691                list_remove
                0x00000000c00036de                list_pop
                0x00000000c000370e                list_find
                0x00000000c0003757                list_empty
                0x00000000c000377e                list_length
                0x00000000c00037c1                list_traversal
 *(.gnu.warning)

.fini
 *(SORT_NONE(.fini))
                [!provide]                        PROVIDE (__etext = .)
                [!provide]                        PROVIDE (_etext = .)
                [!provide]                        PROVIDE (etext = .)
                0x00000000c0004000                . = ALIGN (CONSTANT (MAXPAGESIZE))
                0x00000000c0004000                . = SEGMENT_START ("rodata-segment", (ALIGN (CONSTANT (MAXPAGESIZE)) + (. & (CONSTANT (MAXPAGESIZE) - 0x1))))

.rodata         0x00000000c0004000      0x73d
 *(.rodata .rodata.* .gnu.linkonce.r.*)
 .rodata        0x00000000c0004000       0x3c build/main.o
 .rodata        0x00000000c000403c        0xb build/init.o
 *fill*         0x00000000c0004047        0x1 
 .rodata        0x00000000c0004048      0x2b8 build/interrupt.o
 .rodata        0x00000000c0004300       0x6f build/timer.o
 *fill*         0x00000000c000436f        0x1 
 .rodata        0x00000000c0004370       0x33 build/bitmap.o
 *fill*         0x00000000c00043a3        0x1 
 .rodata        0x00000000c00043a4      0x114 build/memory.o
 .rodata        0x00000000c00044b8       0xb4 build/string.o
 .rodata        0x00000000c000456c       0x3c build/debug.o
 .rodata        0x00000000c00045a8      0x195 build/thread.o

.rodata1
 *(.rodata1)

.eh_frame_hdr
 *(.eh_frame_hdr)
 *(.eh_frame_entry .eh_frame_entry.*)

.eh_frame       0x00000000c0004740      0x914
 *(.eh_frame)
 .eh_frame      0x00000000c0004740       0x8c build/main.o
 .eh_frame      0x00000000c00047cc       0x24 build/init.o
                                         0x50 (size before relaxing)
 .eh_frame      0x00000000c00047f0      0x1c8 build/interrupt.o
                                        0x1f4 (size before relaxing)
 .eh_frame      0x00000000c00049b8       0x94 build/timer.o
                                         0xd4 (size before relaxing)
 .eh_frame      0x00000000c0004a4c       0x8c build/bitmap.o
                                         0xb8 (size before relaxing)
 .eh_frame      0x00000000c0004ad8      0x184 build/memory.o
                                        0x1c4 (size before relaxing)
 .eh_frame      0x00000000c0004c5c      0x168 build/string.o
                                        0x194 (size before relaxing)
 .eh_frame      0x00000000c0004dc4       0x1c build/debug.o
                                         0x48 (size before relaxing)
 .eh_frame      0x00000000c0004de0      0x12c build/thread.o
                                        0x16c (size before relaxing)
 .eh_frame      0x00000000c0004f0c      0x148 build/list.o
                                        0x188 (size before relaxing)
 *(.eh_frame.*)

.gcc_except_table
 *(.gcc_except_table .gcc_except_table.*)

.gnu_extab
 *(.gnu_extab*)

.exception_ranges
 *(.exception_ranges*)
                0x00000000c0007000                . = DATA_SEGMENT_ALIGN (CONSTANT (MAXPAGESIZE), CONSTANT (COMMONPAGESIZE))

.eh_frame
 *(.eh_frame)
 *(.eh_frame.*)

.gnu_extab
 *(.gnu_extab)

.gcc_except_table
 *(.gcc_except_table .gcc_except_table.*)

.exception_ranges
 *(.exception_ranges*)

.tdata          0x00000000c0007000        0x0
                [!provide]                        PROVIDE (__tdata_start = .)
 *(.tdata .tdata.* .gnu.linkonce.td.*)

.tbss
 *(.tbss .tbss.* .gnu.linkonce.tb.*)
 *(.tcommon)

.preinit_array  0x00000000c0007000        0x0
                [!provide]                        PROVIDE (__preinit_array_start = .)
 *(.preinit_array)
                [!provide]                        PROVIDE (__preinit_array_end = .)

.init_array     0x00000000c0007000        0x0
                [!provide]                        PROVIDE (__init_array_start = .)
 *(SORT_BY_INIT_PRIORITY(.init_array.*) SORT_BY_INIT_PRIORITY(.ctors.*))
 *(.init_array EXCLUDE_FILE(*crtend?.o *crtend.o *crtbegin?.o *crtbegin.o) .ctors)
                [!provide]                        PROVIDE (__init_array_end = .)

.fini_array     0x00000000c0007000        0x0
                [!provide]                        PROVIDE (__fini_array_start = .)
 *(SORT_BY_INIT_PRIORITY(.fini_array.*) SORT_BY_INIT_PRIORITY(.dtors.*))
 *(.fini_array EXCLUDE_FILE(*crtend?.o *crtend.o *crtbegin?.o *crtbegin.o) .dtors)
                [!provide]                        PROVIDE (__fini_array_end = .)

.ctors
 *crtbegin.o(.ctors)
 *crtbegin?.o(.ctors)
 *(EXCLUDE_FILE(*crtend?.o *crtend.o) .ctors)
 *(SORT_BY_NAME(.ctors.*))
 *(.ctors)

.dtors
 *crtbegin.o(.dtors)
 *crtbegin?.o(.dtors)
 *(EXCLUDE_FILE(*crtend?.o *crtend.o) .dtors)
 *(SORT_BY_NAME(.dtors.*))
 *(.dtors)

.jcr
 *(.jcr)

.data.rel.ro
 *(.data.rel.ro.local* .gnu.linkonce.d.rel.ro.local.*)
 *(.data.rel.ro .data.rel.ro.* .gnu.linkonce.d.rel.ro.*)

.dynamic
 *(.dynamic)

.got            0x00000000c0007000        0x0
 *(.got)
 .got           0x00000000c0007000        0x0 build/main.o
 *(.igot)
                0x00000000c0007ff4                . = DATA_SEGMENT_RELRO_END (., (SIZEOF (.got.plt) >= 0xc)?0xc:0x0)

.got.plt        0x00000000c0007000        0xc
 *(.got.plt)
 .got.plt       0x00000000c0007000        0xc build/main.o
                0x00000000c0007000                _GLOBAL_OFFSET_TABLE_
 *(.igot.plt)
 .igot.plt      0x00000000c000700c        0x0 build/main.o

.data           0x00000000c000700c       0xa0
 *(.data .data.* .gnu.linkonce.d.*)
 .data          0x00000000c000700c        0x0 build/main.o
 .data          0x00000000c000700c        0x0 build/init.o
 .data          0x00000000c000700c        0x0 build/interrupt.o
 .data          0x00000000c000700c        0x0 build/timer.o
 .data          0x00000000c000700c       0x96 build/kernel.o
                0x00000000c000701e                intr_entry_table
 *fill*         0x00000000c00070a2        0x2 
 .data          0x00000000c00070a4        0x8 build/print.o
 .data          0x00000000c00070ac        0x0 build/bitmap.o
 .data          0x00000000c00070ac        0x0 build/memory.o
 .data          0x00000000c00070ac        0x0 build/string.o
 .data          0x00000000c00070ac        0x0 build/debug.o
 .data          0x00000000c00070ac        0x0 build/thread.o
 .data          0x00000000c00070ac        0x0 build/list.o

.data1
 *(.data1)
                0x00000000c00070ac                _edata = .
                [!provide]                        PROVIDE (edata = .)
                0x00000000c00070ac                . = .
                0x00000000c00070ac                __bss_start = .

.bss            0x00000000c00070c0      0x298
 *(.dynbss)
 *(.bss .bss.* .gnu.linkonce.b.*)
 .bss           0x00000000c00070c0        0x0 build/main.o
 .bss           0x00000000c00070c0        0x0 build/init.o
 .bss           0x00000000c00070c0      0x108 build/interrupt.o
 .bss           0x00000000c00071c8        0x0 build/timer.o
 .bss           0x00000000c00071c8        0x0 build/bitmap.o
 .bss           0x00000000c00071c8        0x0 build/memory.o
 .bss           0x00000000c00071c8        0x0 build/string.o
 .bss           0x00000000c00071c8        0x0 build/debug.o
 .bss           0x00000000c00071c8        0x4 build/thread.o
 .bss           0x00000000c00071cc        0x0 build/list.o
 *(COMMON)
 *fill*         0x00000000c00071cc       0x14 
 COMMON         0x00000000c00071e0      0x124 build/interrupt.o
                0x00000000c00071e0                intr_name
                0x00000000c0007280                idt_table
 COMMON         0x00000000c0007304        0x4 build/timer.o
                0x00000000c0007304                ticks
 COMMON         0x00000000c0007308       0x2c build/memory.o
                0x00000000c0007308                user_pool
                0x00000000c0007318                kernel_addr
                0x00000000c0007324                kernel_pool
 COMMON         0x00000000c0007334       0x24 build/thread.o
                0x00000000c0007334                thread_ready_list
                0x00000000c0007344                thread_all_list
                0x00000000c0007354                main_thread
                0x00000000c0007358                . = ALIGN ((. != 0x0)?0x4:0x1)
                0x00000000c0007358                . = ALIGN (0x4)
                0x00000000c0007358                . = SEGMENT_START ("ldata-segment", .)
                0x00000000c0007358                . = ALIGN (0x4)
                0x00000000c0007358                _end = .
                [!provide]                        PROVIDE (end = .)
                0x00000000c0007358                . = DATA_SEGMENT_END (.)

.stab
 *(.stab)

.stabstr
 *(.stabstr)

.stab.excl
 *(.stab.excl)

.stab.exclstr
 *(.stab.exclstr)

.stab.index
 *(.stab.index)

.stab.indexstr
 *(.stab.indexstr)

.comment        0x0000000000000000       0x2a
 *(.comment)
 .comment       0x0000000000000000       0x2a build/main.o
                                         0x2b (size before relaxing)
 .comment       0x000000000000002a       0x2b build/init.o
 .comment       0x000000000000002a       0x2b build/interrupt.o
 .comment       0x000000000000002a       0x2b build/timer.o
 .comment       0x000000000000002a       0x2b build/bitmap.o
 .comment       0x000000000000002a       0x2b build/memory.o
 .comment       0x000000000000002a       0x2b build/string.o
 .comment       0x000000000000002a       0x2b build/debug.o
 .comment       0x000000000000002a       0x2b build/thread.o
 .comment       0x000000000000002a       0x2b build/list.o

.gnu.build.attributes
 *(.gnu.build.attributes .gnu.build.attributes.*)

.debug
 *(.debug)

.line
 *(.line)

.debug_srcinfo
 *(.debug_srcinfo)

.debug_sfnames
 *(.debug_sfnames)

.debug_aranges
 *(.debug_aranges)

.debug_pubnames
 *(.debug_pubnames)

.debug_info
 *(.debug_info .gnu.linkonce.wi.*)

.debug_abbrev
 *(.debug_abbrev)

.debug_line
 *(.debug_line .debug_line.* .debug_line_end)

.debug_frame
 *(.debug_frame)

.debug_str
 *(.debug_str)

.debug_loc
 *(.debug_loc)

.debug_macinfo
 *(.debug_macinfo)

.debug_weaknames
 *(.debug_weaknames)

.debug_funcnames
 *(.debug_funcnames)

.debug_typenames
 *(.debug_typenames)

.debug_varnames
 *(.debug_varnames)

.debug_pubtypes
 *(.debug_pubtypes)

.debug_ranges
 *(.debug_ranges)

.debug_macro
 *(.debug_macro)

.debug_addr
 *(.debug_addr)

.gnu.attributes
 *(.gnu.attributes)

/DISCARD/
 *(.note.GNU-stack)
 *(.gnu_debuglink)
 *(.gnu.lto_*)
OUTPUT(build/kernel.bin elf32-i386)
