
Merging program properties

Removed property 0xc0000002 to merge build/main.o (0x3) and build/kernel.o (not found)
Removed property 0xc0000002 to merge build/main.o (not found) and build/bitmap.o (0x3)
Removed property 0xc0000002 to merge build/main.o (not found) and build/memory.o (0x3)
Removed property 0xc0000002 to merge build/main.o (not found) and build/string.o (0x3)
Removed property 0xc0000002 to merge build/main.o (not found) and build/debug.o (0x3)
Removed property 0xc0000002 to merge build/main.o (not found) and build/thread.o (0x3)
Removed property 0xc0000002 to merge build/main.o (not found) and build/list.o (0x3)
Removed property 0xc0000002 to merge build/main.o (not found) and build/sync.o (0x3)
Removed property 0xc0000002 to merge build/main.o (not found) and build/console.o (0x3)

Allocating common symbols
Common symbol       size              file

thread_ready_list   0x10              build/thread.o
thread_all_list     0x10              build/thread.o
user_pool           0x10              build/memory.o
kernel_addr         0xc               build/memory.o
intr_name           0x84              build/interrupt.o
main_thread         0x4               build/thread.o
ticks               0x4               build/timer.o
idt_table           0x84              build/interrupt.o
kernel_pool         0x10              build/memory.o

Discarded input sections

 .group         0x0000000000000000        0x8 build/main.o
 .note.GNU-stack
                0x0000000000000000        0x0 build/main.o
 .note.gnu.property
                0x0000000000000000       0x1c build/main.o
 .group         0x0000000000000000        0x8 build/init.o
 .text.__x86.get_pc_thunk.bx
                0x0000000000000000        0x4 build/init.o
 .note.GNU-stack
                0x0000000000000000        0x0 build/init.o
 .note.gnu.property
                0x0000000000000000       0x1c build/init.o
 .group         0x0000000000000000        0x8 build/interrupt.o
 .group         0x0000000000000000        0x8 build/interrupt.o
 .text.__x86.get_pc_thunk.bx
                0x0000000000000000        0x4 build/interrupt.o
 .note.GNU-stack
                0x0000000000000000        0x0 build/interrupt.o
 .note.gnu.property
                0x0000000000000000       0x1c build/interrupt.o
 .group         0x0000000000000000        0x8 build/timer.o
 .group         0x0000000000000000        0x8 build/timer.o
 .text.__x86.get_pc_thunk.ax
                0x0000000000000000        0x4 build/timer.o
 .text.__x86.get_pc_thunk.bx
                0x0000000000000000        0x4 build/timer.o
 .note.GNU-stack
                0x0000000000000000        0x0 build/timer.o
 .note.gnu.property
                0x0000000000000000       0x1c build/timer.o
 .group         0x0000000000000000        0x8 build/bitmap.o
 .text.__x86.get_pc_thunk.ax
                0x0000000000000000        0x4 build/bitmap.o
 .note.GNU-stack
                0x0000000000000000        0x0 build/bitmap.o
 .note.gnu.property
                0x0000000000000000       0x1c build/bitmap.o
 .group         0x0000000000000000        0x8 build/memory.o
 .group         0x0000000000000000        0x8 build/memory.o
 .text.__x86.get_pc_thunk.ax
                0x0000000000000000        0x4 build/memory.o
 .text.__x86.get_pc_thunk.bx
                0x0000000000000000        0x4 build/memory.o
 .note.GNU-stack
                0x0000000000000000        0x0 build/memory.o
 .note.gnu.property
                0x0000000000000000       0x1c build/memory.o
 .group         0x0000000000000000        0x8 build/string.o
 .text.__x86.get_pc_thunk.ax
                0x0000000000000000        0x4 build/string.o
 .note.GNU-stack
                0x0000000000000000        0x0 build/string.o
 .note.gnu.property
                0x0000000000000000       0x1c build/string.o
 .group         0x0000000000000000        0x8 build/debug.o
 .text.__x86.get_pc_thunk.bx
                0x0000000000000000        0x4 build/debug.o
 .note.GNU-stack
                0x0000000000000000        0x0 build/debug.o
 .note.gnu.property
                0x0000000000000000       0x1c build/debug.o
 .group         0x0000000000000000        0x8 build/thread.o
 .group         0x0000000000000000        0x8 build/thread.o
 .group         0x0000000000000000        0x8 build/thread.o
 .text.__x86.get_pc_thunk.ax
                0x0000000000000000        0x4 build/thread.o
 .text.__x86.get_pc_thunk.bx
                0x0000000000000000        0x4 build/thread.o
 .note.GNU-stack
                0x0000000000000000        0x0 build/thread.o
 .note.gnu.property
                0x0000000000000000       0x1c build/thread.o
 .group         0x0000000000000000        0x8 build/list.o
 .group         0x0000000000000000        0x8 build/list.o
 .text.__x86.get_pc_thunk.ax
                0x0000000000000000        0x4 build/list.o
 .text.__x86.get_pc_thunk.bx
                0x0000000000000000        0x4 build/list.o
 .note.GNU-stack
                0x0000000000000000        0x0 build/list.o
 .note.gnu.property
                0x0000000000000000       0x1c build/list.o
 .group         0x0000000000000000        0x8 build/sync.o
 .group         0x0000000000000000        0x8 build/sync.o
 .text.__x86.get_pc_thunk.ax
                0x0000000000000000        0x4 build/sync.o
 .text.__x86.get_pc_thunk.bx
                0x0000000000000000        0x4 build/sync.o
 .note.GNU-stack
                0x0000000000000000        0x0 build/sync.o
 .note.gnu.property
                0x0000000000000000       0x1c build/sync.o
 .group         0x0000000000000000        0x8 build/console.o
 .group         0x0000000000000000        0x8 build/console.o
 .text.__x86.get_pc_thunk.ax
                0x0000000000000000        0x4 build/console.o
 .text.__x86.get_pc_thunk.bx
                0x0000000000000000        0x4 build/console.o
 .note.GNU-stack
                0x0000000000000000        0x0 build/console.o
 .note.gnu.property
                0x0000000000000000       0x1c build/console.o

Memory Configuration

Name             Origin             Length             Attributes
*default*        0x0000000000000000 0xffffffffffffffff

Linker script and memory map

Address of section .text set to 0xc0001500
LOAD build/main.o
LOAD build/init.o
LOAD build/interrupt.o
LOAD build/timer.o
LOAD build/kernel.o
LOAD build/print.o
LOAD build/bitmap.o
LOAD build/memory.o
LOAD build/string.o
LOAD build/debug.o
LOAD build/thread.o
LOAD build/switch.o
LOAD build/list.o
LOAD build/sync.o
LOAD build/console.o
                [!provide]                        PROVIDE (__executable_start = SEGMENT_START ("text-segment", 0x8048000))
                0x00000000080480d4                . = (SEGMENT_START ("text-segment", 0x8048000) + SIZEOF_HEADERS)

.interp
 *(.interp)

.note.gnu.build-id
 *(.note.gnu.build-id)

.hash
 *(.hash)

.gnu.hash
 *(.gnu.hash)

.dynsym
 *(.dynsym)

.dynstr
 *(.dynstr)

.gnu.version
 *(.gnu.version)

.gnu.version_d
 *(.gnu.version_d)

.gnu.version_r
 *(.gnu.version_r)

.rel.dyn        0x00000000080480d4        0x0
 *(.rel.init)
 *(.rel.text .rel.text.* .rel.gnu.linkonce.t.*)
 .rel.text      0x00000000080480d4        0x0 build/main.o
 *(.rel.fini)
 *(.rel.rodata .rel.rodata.* .rel.gnu.linkonce.r.*)
 *(.rel.data.rel.ro .rel.data.rel.ro.* .rel.gnu.linkonce.d.rel.ro.*)
 *(.rel.data .rel.data.* .rel.gnu.linkonce.d.*)
 *(.rel.tdata .rel.tdata.* .rel.gnu.linkonce.td.*)
 *(.rel.tbss .rel.tbss.* .rel.gnu.linkonce.tb.*)
 *(.rel.ctors)
 *(.rel.dtors)
 *(.rel.got)
 .rel.got       0x00000000080480d4        0x0 build/main.o
 *(.rel.bss .rel.bss.* .rel.gnu.linkonce.b.*)
 *(.rel.ifunc)

.rel.plt        0x00000000080480d4        0x0
 *(.rel.plt)
                [!provide]                        PROVIDE (__rel_iplt_start = .)
 *(.rel.iplt)
 .rel.iplt      0x00000000080480d4        0x0 build/main.o
                [!provide]                        PROVIDE (__rel_iplt_end = .)
                0x0000000008049000                . = ALIGN (CONSTANT (MAXPAGESIZE))

.init
 *(SORT_NONE(.init))

.plt            0x0000000008049000        0x0
 *(.plt)
 *(.iplt)
 .iplt          0x0000000008049000        0x0 build/main.o

.plt.got
 *(.plt.got)

.plt.sec
 *(.plt.sec)

.text           0x00000000c0001500     0x2904
 *(.text.unlikely .text.*_unlikely .text.unlikely.*)
 *(.text.exit .text.exit.*)
 *(.text.startup .text.startup.*)
 *(.text.hot .text.hot.*)
 *(SORT_BY_NAME(.text.sorted.*))
 *(.text .stub .text.* .gnu.linkonce.t.*)
 .text          0x00000000c0001500       0xd8 build/main.o
                0x00000000c0001500                main
                0x00000000c000158c                k_thread_function_a
                0x00000000c00015b2                k_thread_function_b
 .text.__x86.get_pc_thunk.bx
                0x00000000c00015d8        0x4 build/main.o
                0x00000000c00015d8                __x86.get_pc_thunk.bx
 .text          0x00000000c00015dc       0x47 build/init.o
                0x00000000c00015dc                init_all
 .text          0x00000000c0001623      0x57d build/interrupt.o
                0x00000000c000164e                intr_enable
                0x00000000c0001685                intr_disable
                0x00000000c00016bb                intr_get_status
                0x00000000c00016e6                intr_set_status
                0x00000000c0001b07                idt_init
                0x00000000c0001b73                register_handler
 .text.__x86.get_pc_thunk.ax
                0x00000000c0001ba0        0x4 build/interrupt.o
                0x00000000c0001ba0                __x86.get_pc_thunk.ax
 .text          0x00000000c0001ba4      0x1c6 build/timer.o
                0x00000000c0001cfe                timer_init
 *fill*         0x00000000c0001d6a        0x6 
 .text          0x00000000c0001d70      0x39d build/kernel.o
                0x00000000c0001d70                intr_exit
 *fill*         0x00000000c000210d        0x3 
 .text          0x00000000c0002110      0x14e build/print.o
                0x00000000c0002110                put_int
                0x00000000c0002173                put_str
                0x00000000c0002191                put_char
                0x00000000c0002240                set_cursor
 .text          0x00000000c000225e      0x267 build/bitmap.o
                0x00000000c000225e                bitmap_init
                0x00000000c0002295                bitmap_scan_test
                0x00000000c00022e3                bitmap_scan
                0x00000000c00023f9                bitmap_set
 .text          0x00000000c00024c5      0x61c build/memory.o
                0x00000000c0002961                malloc_page
                0x00000000c0002a3b                get_kernel_pages
                0x00000000c0002a89                mem_init
 .text          0x00000000c0002ae1      0x4cc build/string.o
                0x00000000c0002ae1                memset
                0x00000000c0002b4e                memcpy
                0x00000000c0002bca                memcmp
                0x00000000c0002c6a                strcpy
                0x00000000c0002cd9                strlen
                0x00000000c0002d3a                strcmp
                0x00000000c0002dcd                strchr
                0x00000000c0002e3c                strrchr
                0x00000000c0002eb0                strcat
                0x00000000c0002f34                strchrs
 .text          0x00000000c0002fad       0xe4 build/debug.o
                0x00000000c0002fad                panic_spin
 .text          0x00000000c0003091      0x630 build/thread.o
                0x00000000c0003166                running_thread
                0x00000000c0003189                thread_create
                0x00000000c0003211                init_thread
                0x00000000c00032ba                thread_start
                0x00000000c00033ba                schedule
                0x00000000c00034fa                thread_block
                0x00000000c0003576                thread_unblock
                0x00000000c0003658                thread_init
 .text.__x86.get_pc_thunk.dx
                0x00000000c00036c1        0x4 build/thread.o
                0x00000000c00036c1                __x86.get_pc_thunk.dx
 *fill*         0x00000000c00036c5        0xb 
 .text          0x00000000c00036d0       0x15 build/switch.o
                0x00000000c00036d0                switch_to
 .text          0x00000000c00036e5      0x286 build/list.o
                0x00000000c00036e5                list_init
                0x00000000c0003721                list_insert_before
                0x00000000c0003779                list_push
                0x00000000c00037a5                list_append
                0x00000000c00037d1                list_remove
                0x00000000c000381e                list_pop
                0x00000000c000384e                list_find
                0x00000000c0003897                list_empty
                0x00000000c00038be                list_length
                0x00000000c0003901                list_traversal
 .text          0x00000000c000396b      0x368 build/sync.o
                0x00000000c000396b                semaphore_init
                0x00000000c00039a9                lock_init
                0x00000000c00039e7                semaphore_down
                0x00000000c0003ac6                semaphore_up
                0x00000000c0003b94                lock_acquire
                0x00000000c0003c20                lock_release
 .text          0x00000000c0003cd3      0x131 build/console.o
                0x00000000c0003cd3                console_init
                0x00000000c0003d02                console_acquire
                0x00000000c0003d31                console_release
                0x00000000c0003d60                console_put_str
                0x00000000c0003d94                console_put_char
                0x00000000c0003dd0                console_put_int
 *(.gnu.warning)

.fini
 *(SORT_NONE(.fini))
                [!provide]                        PROVIDE (__etext = .)
                [!provide]                        PROVIDE (_etext = .)
                [!provide]                        PROVIDE (etext = .)
                0x00000000c0004000                . = ALIGN (CONSTANT (MAXPAGESIZE))
                0x00000000c0004000                . = SEGMENT_START ("rodata-segment", (ALIGN (CONSTANT (MAXPAGESIZE)) + (. & (CONSTANT (MAXPAGESIZE) - 0x1))))

.rodata         0x00000000c0004000      0x951
 *(.rodata .rodata.* .gnu.linkonce.r.*)
 .rodata        0x00000000c0004000       0x3c build/main.o
 .rodata        0x00000000c000403c        0xb build/init.o
 *fill*         0x00000000c0004047        0x1 
 .rodata        0x00000000c0004048      0x2b8 build/interrupt.o
 .rodata        0x00000000c0004300       0x6f build/timer.o
 *fill*         0x00000000c000436f        0x1 
 .rodata        0x00000000c0004370       0x33 build/bitmap.o
 *fill*         0x00000000c00043a3        0x1 
 .rodata        0x00000000c00043a4      0x114 build/memory.o
 .rodata        0x00000000c00044b8       0xb4 build/string.o
 .rodata        0x00000000c000456c       0x3c build/debug.o
 .rodata        0x00000000c00045a8      0x2a7 build/thread.o
 *fill*         0x00000000c000484f        0x1 
 .rodata        0x00000000c0004850      0x101 build/sync.o

.rodata1
 *(.rodata1)

.eh_frame_hdr
 *(.eh_frame_hdr)
 *(.eh_frame_entry .eh_frame_entry.*)

.eh_frame       0x00000000c0004954      0xb0c
 *(.eh_frame)
 .eh_frame      0x00000000c0004954       0x8c build/main.o
 .eh_frame      0x00000000c00049e0       0x24 build/init.o
                                         0x50 (size before relaxing)
 .eh_frame      0x00000000c0004a04      0x1c8 build/interrupt.o
                                        0x1f4 (size before relaxing)
 .eh_frame      0x00000000c0004bcc       0x94 build/timer.o
                                         0xd4 (size before relaxing)
 .eh_frame      0x00000000c0004c60       0x8c build/bitmap.o
                                         0xb8 (size before relaxing)
 .eh_frame      0x00000000c0004cec      0x184 build/memory.o
                                        0x1c4 (size before relaxing)
 .eh_frame      0x00000000c0004e70      0x168 build/string.o
                                        0x194 (size before relaxing)
 .eh_frame      0x00000000c0004fd8       0x1c build/debug.o
                                         0x48 (size before relaxing)
 .eh_frame      0x00000000c0004ff4      0x174 build/thread.o
                                        0x1b4 (size before relaxing)
 .eh_frame      0x00000000c0005168      0x148 build/list.o
                                        0x188 (size before relaxing)
 .eh_frame      0x00000000c00052b0       0xd8 build/sync.o
                                        0x118 (size before relaxing)
 .eh_frame      0x00000000c0005388       0xd8 build/console.o
                                        0x118 (size before relaxing)
 *(.eh_frame.*)

.gcc_except_table
 *(.gcc_except_table .gcc_except_table.*)

.gnu_extab
 *(.gnu_extab*)

.exception_ranges
 *(.exception_ranges*)
                0x00000000c0007000                . = DATA_SEGMENT_ALIGN (CONSTANT (MAXPAGESIZE), CONSTANT (COMMONPAGESIZE))

.eh_frame
 *(.eh_frame)
 *(.eh_frame.*)

.gnu_extab
 *(.gnu_extab)

.gcc_except_table
 *(.gcc_except_table .gcc_except_table.*)

.exception_ranges
 *(.exception_ranges*)

.tdata          0x00000000c0007000        0x0
                [!provide]                        PROVIDE (__tdata_start = .)
 *(.tdata .tdata.* .gnu.linkonce.td.*)

.tbss
 *(.tbss .tbss.* .gnu.linkonce.tb.*)
 *(.tcommon)

.preinit_array  0x00000000c0007000        0x0
                [!provide]                        PROVIDE (__preinit_array_start = .)
 *(.preinit_array)
                [!provide]                        PROVIDE (__preinit_array_end = .)

.init_array     0x00000000c0007000        0x0
                [!provide]                        PROVIDE (__init_array_start = .)
 *(SORT_BY_INIT_PRIORITY(.init_array.*) SORT_BY_INIT_PRIORITY(.ctors.*))
 *(.init_array EXCLUDE_FILE(*crtend?.o *crtend.o *crtbegin?.o *crtbegin.o) .ctors)
                [!provide]                        PROVIDE (__init_array_end = .)

.fini_array     0x00000000c0007000        0x0
                [!provide]                        PROVIDE (__fini_array_start = .)
 *(SORT_BY_INIT_PRIORITY(.fini_array.*) SORT_BY_INIT_PRIORITY(.dtors.*))
 *(.fini_array EXCLUDE_FILE(*crtend?.o *crtend.o *crtbegin?.o *crtbegin.o) .dtors)
                [!provide]                        PROVIDE (__fini_array_end = .)

.ctors
 *crtbegin.o(.ctors)
 *crtbegin?.o(.ctors)
 *(EXCLUDE_FILE(*crtend?.o *crtend.o) .ctors)
 *(SORT_BY_NAME(.ctors.*))
 *(.ctors)

.dtors
 *crtbegin.o(.dtors)
 *crtbegin?.o(.dtors)
 *(EXCLUDE_FILE(*crtend?.o *crtend.o) .dtors)
 *(SORT_BY_NAME(.dtors.*))
 *(.dtors)

.jcr
 *(.jcr)

.data.rel.ro
 *(.data.rel.ro.local* .gnu.linkonce.d.rel.ro.local.*)
 *(.data.rel.ro .data.rel.ro.* .gnu.linkonce.d.rel.ro.*)

.dynamic
 *(.dynamic)

.got            0x00000000c0007000        0x0
 *(.got)
 .got           0x00000000c0007000        0x0 build/main.o
 *(.igot)
                0x00000000c0007ff4                . = DATA_SEGMENT_RELRO_END (., (SIZEOF (.got.plt) >= 0xc)?0xc:0x0)

.got.plt        0x00000000c0007000        0xc
 *(.got.plt)
 .got.plt       0x00000000c0007000        0xc build/main.o
                0x00000000c0007000                _GLOBAL_OFFSET_TABLE_
 *(.igot.plt)
 .igot.plt      0x00000000c000700c        0x0 build/main.o

.data           0x00000000c000700c       0xa0
 *(.data .data.* .gnu.linkonce.d.*)
 .data          0x00000000c000700c        0x0 build/main.o
 .data          0x00000000c000700c        0x0 build/init.o
 .data          0x00000000c000700c        0x0 build/interrupt.o
 .data          0x00000000c000700c        0x0 build/timer.o
 .data          0x00000000c000700c       0x96 build/kernel.o
                0x00000000c000701e                intr_entry_table
 *fill*         0x00000000c00070a2        0x2 
 .data          0x00000000c00070a4        0x8 build/print.o
 .data          0x00000000c00070ac        0x0 build/bitmap.o
 .data          0x00000000c00070ac        0x0 build/memory.o
 .data          0x00000000c00070ac        0x0 build/string.o
 .data          0x00000000c00070ac        0x0 build/debug.o
 .data          0x00000000c00070ac        0x0 build/thread.o
 .data          0x00000000c00070ac        0x0 build/list.o
 .data          0x00000000c00070ac        0x0 build/sync.o
 .data          0x00000000c00070ac        0x0 build/console.o

.data1
 *(.data1)
                0x00000000c00070ac                _edata = .
                [!provide]                        PROVIDE (edata = .)
                0x00000000c00070ac                . = .
                0x00000000c00070ac                __bss_start = .

.bss            0x00000000c00070c0      0x2b8
 *(.dynbss)
 *(.bss .bss.* .gnu.linkonce.b.*)
 .bss           0x00000000c00070c0        0x0 build/main.o
 .bss           0x00000000c00070c0        0x0 build/init.o
 .bss           0x00000000c00070c0      0x108 build/interrupt.o
 .bss           0x00000000c00071c8        0x0 build/timer.o
 .bss           0x00000000c00071c8        0x0 build/bitmap.o
 .bss           0x00000000c00071c8        0x0 build/memory.o
 .bss           0x00000000c00071c8        0x0 build/string.o
 .bss           0x00000000c00071c8        0x0 build/debug.o
 .bss           0x00000000c00071c8        0x4 build/thread.o
 .bss           0x00000000c00071cc        0x0 build/list.o
 .bss           0x00000000c00071cc        0x0 build/sync.o
 .bss           0x00000000c00071cc       0x1c build/console.o
 *(COMMON)
 *fill*         0x00000000c00071e8       0x18 
 COMMON         0x00000000c0007200      0x124 build/interrupt.o
                0x00000000c0007200                intr_name
                0x00000000c00072a0                idt_table
 COMMON         0x00000000c0007324        0x4 build/timer.o
                0x00000000c0007324                ticks
 COMMON         0x00000000c0007328       0x2c build/memory.o
                0x00000000c0007328                user_pool
                0x00000000c0007338                kernel_addr
                0x00000000c0007344                kernel_pool
 COMMON         0x00000000c0007354       0x24 build/thread.o
                0x00000000c0007354                thread_ready_list
                0x00000000c0007364                thread_all_list
                0x00000000c0007374                main_thread
                0x00000000c0007378                . = ALIGN ((. != 0x0)?0x4:0x1)
                0x00000000c0007378                . = ALIGN (0x4)
                0x00000000c0007378                . = SEGMENT_START ("ldata-segment", .)
                0x00000000c0007378                . = ALIGN (0x4)
                0x00000000c0007378                _end = .
                [!provide]                        PROVIDE (end = .)
                0x00000000c0007378                . = DATA_SEGMENT_END (.)

.stab
 *(.stab)

.stabstr
 *(.stabstr)

.stab.excl
 *(.stab.excl)

.stab.exclstr
 *(.stab.exclstr)

.stab.index
 *(.stab.index)

.stab.indexstr
 *(.stab.indexstr)

.comment        0x0000000000000000       0x2a
 *(.comment)
 .comment       0x0000000000000000       0x2a build/main.o
                                         0x2b (size before relaxing)
 .comment       0x000000000000002a       0x2b build/init.o
 .comment       0x000000000000002a       0x2b build/interrupt.o
 .comment       0x000000000000002a       0x2b build/timer.o
 .comment       0x000000000000002a       0x2b build/bitmap.o
 .comment       0x000000000000002a       0x2b build/memory.o
 .comment       0x000000000000002a       0x2b build/string.o
 .comment       0x000000000000002a       0x2b build/debug.o
 .comment       0x000000000000002a       0x2b build/thread.o
 .comment       0x000000000000002a       0x2b build/list.o
 .comment       0x000000000000002a       0x2b build/sync.o
 .comment       0x000000000000002a       0x2b build/console.o

.gnu.build.attributes
 *(.gnu.build.attributes .gnu.build.attributes.*)

.debug
 *(.debug)

.line
 *(.line)

.debug_srcinfo
 *(.debug_srcinfo)

.debug_sfnames
 *(.debug_sfnames)

.debug_aranges
 *(.debug_aranges)

.debug_pubnames
 *(.debug_pubnames)

.debug_info
 *(.debug_info .gnu.linkonce.wi.*)

.debug_abbrev
 *(.debug_abbrev)

.debug_line
 *(.debug_line .debug_line.* .debug_line_end)

.debug_frame
 *(.debug_frame)

.debug_str
 *(.debug_str)

.debug_loc
 *(.debug_loc)

.debug_macinfo
 *(.debug_macinfo)

.debug_weaknames
 *(.debug_weaknames)

.debug_funcnames
 *(.debug_funcnames)

.debug_typenames
 *(.debug_typenames)

.debug_varnames
 *(.debug_varnames)

.debug_pubtypes
 *(.debug_pubtypes)

.debug_ranges
 *(.debug_ranges)

.debug_macro
 *(.debug_macro)

.debug_addr
 *(.debug_addr)

.gnu.attributes
 *(.gnu.attributes)

/DISCARD/
 *(.note.GNU-stack)
 *(.gnu_debuglink)
 *(.gnu.lto_*)
OUTPUT(build/kernel.bin elf32-i386)
