
Merging program properties

Removed property 0xc0000002 to merge build/main.o (0x3) and build/kernel.o (not found)
Removed property 0xc0000002 to merge build/main.o (not found) and build/bitmap.o (0x3)
Removed property 0xc0000002 to merge build/main.o (not found) and build/memory.o (0x3)
Removed property 0xc0000002 to merge build/main.o (not found) and build/string.o (0x3)
Removed property 0xc0000002 to merge build/main.o (not found) and build/debug.o (0x3)
Removed property 0xc0000002 to merge build/main.o (not found) and build/thread.o (0x3)
Removed property 0xc0000002 to merge build/main.o (not found) and build/list.o (0x3)
Removed property 0xc0000002 to merge build/main.o (not found) and build/sync.o (0x3)
Removed property 0xc0000002 to merge build/main.o (not found) and build/console.o (0x3)
Removed property 0xc0000002 to merge build/main.o (not found) and build/keyboard.o (0x3)
Removed property 0xc0000002 to merge build/main.o (not found) and build/ioqueue.o (0x3)

Allocating common symbols
Common symbol       size              file

thread_ready_list   0x10              build/thread.o
thread_all_list     0x10              build/thread.o
user_pool           0x10              build/memory.o
kernel_addr         0xc               build/memory.o
intr_name           0xc0              build/interrupt.o
main_thread         0x4               build/thread.o
ticks               0x4               build/timer.o
idt_table           0xc0              build/interrupt.o
kernel_pool         0x10              build/memory.o

Discarded input sections

 .group         0x0000000000000000        0x8 build/main.o
 .note.GNU-stack
                0x0000000000000000        0x0 build/main.o
 .note.gnu.property
                0x0000000000000000       0x1c build/main.o
 .group         0x0000000000000000        0x8 build/init.o
 .text.__x86.get_pc_thunk.bx
                0x0000000000000000        0x4 build/init.o
 .note.GNU-stack
                0x0000000000000000        0x0 build/init.o
 .note.gnu.property
                0x0000000000000000       0x1c build/init.o
 .group         0x0000000000000000        0x8 build/interrupt.o
 .group         0x0000000000000000        0x8 build/interrupt.o
 .text.__x86.get_pc_thunk.bx
                0x0000000000000000        0x4 build/interrupt.o
 .note.GNU-stack
                0x0000000000000000        0x0 build/interrupt.o
 .note.gnu.property
                0x0000000000000000       0x1c build/interrupt.o
 .group         0x0000000000000000        0x8 build/timer.o
 .group         0x0000000000000000        0x8 build/timer.o
 .text.__x86.get_pc_thunk.ax
                0x0000000000000000        0x4 build/timer.o
 .text.__x86.get_pc_thunk.bx
                0x0000000000000000        0x4 build/timer.o
 .note.GNU-stack
                0x0000000000000000        0x0 build/timer.o
 .note.gnu.property
                0x0000000000000000       0x1c build/timer.o
 .group         0x0000000000000000        0x8 build/bitmap.o
 .text.__x86.get_pc_thunk.ax
                0x0000000000000000        0x4 build/bitmap.o
 .note.GNU-stack
                0x0000000000000000        0x0 build/bitmap.o
 .note.gnu.property
                0x0000000000000000       0x1c build/bitmap.o
 .group         0x0000000000000000        0x8 build/memory.o
 .group         0x0000000000000000        0x8 build/memory.o
 .text.__x86.get_pc_thunk.ax
                0x0000000000000000        0x4 build/memory.o
 .text.__x86.get_pc_thunk.bx
                0x0000000000000000        0x4 build/memory.o
 .note.GNU-stack
                0x0000000000000000        0x0 build/memory.o
 .note.gnu.property
                0x0000000000000000       0x1c build/memory.o
 .group         0x0000000000000000        0x8 build/string.o
 .text.__x86.get_pc_thunk.ax
                0x0000000000000000        0x4 build/string.o
 .note.GNU-stack
                0x0000000000000000        0x0 build/string.o
 .note.gnu.property
                0x0000000000000000       0x1c build/string.o
 .group         0x0000000000000000        0x8 build/debug.o
 .text.__x86.get_pc_thunk.bx
                0x0000000000000000        0x4 build/debug.o
 .note.GNU-stack
                0x0000000000000000        0x0 build/debug.o
 .note.gnu.property
                0x0000000000000000       0x1c build/debug.o
 .group         0x0000000000000000        0x8 build/thread.o
 .group         0x0000000000000000        0x8 build/thread.o
 .group         0x0000000000000000        0x8 build/thread.o
 .text.__x86.get_pc_thunk.ax
                0x0000000000000000        0x4 build/thread.o
 .text.__x86.get_pc_thunk.bx
                0x0000000000000000        0x4 build/thread.o
 .note.GNU-stack
                0x0000000000000000        0x0 build/thread.o
 .note.gnu.property
                0x0000000000000000       0x1c build/thread.o
 .group         0x0000000000000000        0x8 build/list.o
 .group         0x0000000000000000        0x8 build/list.o
 .text.__x86.get_pc_thunk.ax
                0x0000000000000000        0x4 build/list.o
 .text.__x86.get_pc_thunk.bx
                0x0000000000000000        0x4 build/list.o
 .note.GNU-stack
                0x0000000000000000        0x0 build/list.o
 .note.gnu.property
                0x0000000000000000       0x1c build/list.o
 .group         0x0000000000000000        0x8 build/sync.o
 .group         0x0000000000000000        0x8 build/sync.o
 .text.__x86.get_pc_thunk.ax
                0x0000000000000000        0x4 build/sync.o
 .text.__x86.get_pc_thunk.bx
                0x0000000000000000        0x4 build/sync.o
 .note.GNU-stack
                0x0000000000000000        0x0 build/sync.o
 .note.gnu.property
                0x0000000000000000       0x1c build/sync.o
 .group         0x0000000000000000        0x8 build/console.o
 .group         0x0000000000000000        0x8 build/console.o
 .text.__x86.get_pc_thunk.ax
                0x0000000000000000        0x4 build/console.o
 .text.__x86.get_pc_thunk.bx
                0x0000000000000000        0x4 build/console.o
 .note.GNU-stack
                0x0000000000000000        0x0 build/console.o
 .note.gnu.property
                0x0000000000000000       0x1c build/console.o
 .group         0x0000000000000000        0x8 build/keyboard.o
 .group         0x0000000000000000        0x8 build/keyboard.o
 .text.__x86.get_pc_thunk.ax
                0x0000000000000000        0x4 build/keyboard.o
 .text.__x86.get_pc_thunk.bx
                0x0000000000000000        0x4 build/keyboard.o
 .note.GNU-stack
                0x0000000000000000        0x0 build/keyboard.o
 .note.gnu.property
                0x0000000000000000       0x1c build/keyboard.o
 .group         0x0000000000000000        0x8 build/ioqueue.o
 .group         0x0000000000000000        0x8 build/ioqueue.o
 .text.__x86.get_pc_thunk.ax
                0x0000000000000000        0x4 build/ioqueue.o
 .text.__x86.get_pc_thunk.bx
                0x0000000000000000        0x4 build/ioqueue.o
 .note.GNU-stack
                0x0000000000000000        0x0 build/ioqueue.o
 .note.gnu.property
                0x0000000000000000       0x1c build/ioqueue.o

Memory Configuration

Name             Origin             Length             Attributes
*default*        0x0000000000000000 0xffffffffffffffff

Linker script and memory map

Address of section .text set to 0xc0001500
LOAD build/main.o
LOAD build/init.o
LOAD build/interrupt.o
LOAD build/timer.o
LOAD build/kernel.o
LOAD build/print.o
LOAD build/bitmap.o
LOAD build/memory.o
LOAD build/string.o
LOAD build/debug.o
LOAD build/thread.o
LOAD build/switch.o
LOAD build/list.o
LOAD build/sync.o
LOAD build/console.o
LOAD build/keyboard.o
LOAD build/ioqueue.o
                [!provide]                        PROVIDE (__executable_start = SEGMENT_START ("text-segment", 0x8048000))
                0x00000000080480d4                . = (SEGMENT_START ("text-segment", 0x8048000) + SIZEOF_HEADERS)

.interp
 *(.interp)

.note.gnu.build-id
 *(.note.gnu.build-id)

.hash
 *(.hash)

.gnu.hash
 *(.gnu.hash)

.dynsym
 *(.dynsym)

.dynstr
 *(.dynstr)

.gnu.version
 *(.gnu.version)

.gnu.version_d
 *(.gnu.version_d)

.gnu.version_r
 *(.gnu.version_r)

.rel.dyn        0x00000000080480d4        0x0
 *(.rel.init)
 *(.rel.text .rel.text.* .rel.gnu.linkonce.t.*)
 .rel.text      0x00000000080480d4        0x0 build/main.o
 *(.rel.fini)
 *(.rel.rodata .rel.rodata.* .rel.gnu.linkonce.r.*)
 *(.rel.data.rel.ro .rel.data.rel.ro.* .rel.gnu.linkonce.d.rel.ro.*)
 *(.rel.data .rel.data.* .rel.gnu.linkonce.d.*)
 *(.rel.tdata .rel.tdata.* .rel.gnu.linkonce.td.*)
 *(.rel.tbss .rel.tbss.* .rel.gnu.linkonce.tb.*)
 *(.rel.ctors)
 *(.rel.dtors)
 *(.rel.got)
 .rel.got       0x00000000080480d4        0x0 build/main.o
 *(.rel.bss .rel.bss.* .rel.gnu.linkonce.b.*)
 *(.rel.ifunc)

.rel.plt        0x00000000080480d4        0x0
 *(.rel.plt)
                [!provide]                        PROVIDE (__rel_iplt_start = .)
 *(.rel.iplt)
 .rel.iplt      0x00000000080480d4        0x0 build/main.o
                [!provide]                        PROVIDE (__rel_iplt_end = .)
                0x0000000008049000                . = ALIGN (CONSTANT (MAXPAGESIZE))

.init
 *(SORT_NONE(.init))

.plt            0x0000000008049000        0x0
 *(.plt)
 *(.iplt)
 .iplt          0x0000000008049000        0x0 build/main.o

.plt.got
 *(.plt.got)

.plt.sec
 *(.plt.sec)

.text           0x00000000c0001500     0x3044
 *(.text.unlikely .text.*_unlikely .text.unlikely.*)
 *(.text.exit .text.exit.*)
 *(.text.startup .text.startup.*)
 *(.text.hot .text.hot.*)
 *(SORT_BY_NAME(.text.sorted.*))
 *(.text .stub .text.* .gnu.linkonce.t.*)
 .text          0x00000000c0001500       0x3c build/main.o
                0x00000000c0001500                main
 .text.__x86.get_pc_thunk.bx
                0x00000000c000153c        0x4 build/main.o
                0x00000000c000153c                __x86.get_pc_thunk.bx
 .text          0x00000000c0001540       0x4c build/init.o
                0x00000000c0001540                init_all
 .text          0x00000000c000158c      0x57d build/interrupt.o
                0x00000000c00015b7                intr_enable
                0x00000000c00015ee                intr_disable
                0x00000000c0001624                intr_get_status
                0x00000000c000164f                intr_set_status
                0x00000000c0001a70                idt_init
                0x00000000c0001adc                register_handler
 .text.__x86.get_pc_thunk.ax
                0x00000000c0001b09        0x4 build/interrupt.o
                0x00000000c0001b09                __x86.get_pc_thunk.ax
 .text          0x00000000c0001b0d      0x1c6 build/timer.o
                0x00000000c0001c67                timer_init
 *fill*         0x00000000c0001cd3        0xd 
 .text          0x00000000c0001ce0      0x541 build/kernel.o
                0x00000000c0001ce0                intr_exit
 *fill*         0x00000000c0002221        0xf 
 .text          0x00000000c0002230      0x14e build/print.o
                0x00000000c0002230                put_int
                0x00000000c0002293                put_str
                0x00000000c00022b1                put_char
                0x00000000c0002360                set_cursor
 .text          0x00000000c000237e      0x267 build/bitmap.o
                0x00000000c000237e                bitmap_init
                0x00000000c00023b5                bitmap_scan_test
                0x00000000c0002403                bitmap_scan
                0x00000000c0002519                bitmap_set
 .text          0x00000000c00025e5      0x61c build/memory.o
                0x00000000c0002a81                malloc_page
                0x00000000c0002b5b                get_kernel_pages
                0x00000000c0002ba9                mem_init
 .text          0x00000000c0002c01      0x4cc build/string.o
                0x00000000c0002c01                memset
                0x00000000c0002c6e                memcpy
                0x00000000c0002cea                memcmp
                0x00000000c0002d8a                strcpy
                0x00000000c0002df9                strlen
                0x00000000c0002e5a                strcmp
                0x00000000c0002eed                strchr
                0x00000000c0002f5c                strrchr
                0x00000000c0002fd0                strcat
                0x00000000c0003054                strchrs
 .text          0x00000000c00030cd       0xe4 build/debug.o
                0x00000000c00030cd                panic_spin
 .text          0x00000000c00031b1      0x630 build/thread.o
                0x00000000c0003286                running_thread
                0x00000000c00032a9                thread_create
                0x00000000c0003331                init_thread
                0x00000000c00033da                thread_start
                0x00000000c00034da                schedule
                0x00000000c000361a                thread_block
                0x00000000c0003696                thread_unblock
                0x00000000c0003778                thread_init
 .text.__x86.get_pc_thunk.dx
                0x00000000c00037e1        0x4 build/thread.o
                0x00000000c00037e1                __x86.get_pc_thunk.dx
 *fill*         0x00000000c00037e5        0xb 
 .text          0x00000000c00037f0       0x15 build/switch.o
                0x00000000c00037f0                switch_to
 .text          0x00000000c0003805      0x286 build/list.o
                0x00000000c0003805                list_init
                0x00000000c0003841                list_insert_before
                0x00000000c0003899                list_push
                0x00000000c00038c5                list_append
                0x00000000c00038f1                list_remove
                0x00000000c000393e                list_pop
                0x00000000c000396e                list_find
                0x00000000c00039b7                list_empty
                0x00000000c00039de                list_length
                0x00000000c0003a21                list_traversal
 .text          0x00000000c0003a8b      0x368 build/sync.o
                0x00000000c0003a8b                semaphore_init
                0x00000000c0003ac9                lock_init
                0x00000000c0003b07                semaphore_down
                0x00000000c0003be6                semaphore_up
                0x00000000c0003cb4                lock_acquire
                0x00000000c0003d40                lock_release
 .text          0x00000000c0003df3      0x131 build/console.o
                0x00000000c0003df3                console_init
                0x00000000c0003e22                console_acquire
                0x00000000c0003e51                console_release
                0x00000000c0003e80                console_put_str
                0x00000000c0003eb4                console_put_char
                0x00000000c0003ef0                console_put_int
 .text          0x00000000c0003f24      0x312 build/keyboard.o
                0x00000000c00041d0                keyboard_init
 .text          0x00000000c0004236      0x30e build/ioqueue.o
                0x00000000c0004236                ioqueue_init
                0x00000000c00042c2                is_queue_full
                0x00000000c00042f8                is_queue_empty
                0x00000000c000438f                queue_getchar
                0x00000000c0004468                queue_putchar
 *(.gnu.warning)

.fini
 *(SORT_NONE(.fini))
                [!provide]                        PROVIDE (__etext = .)
                [!provide]                        PROVIDE (_etext = .)
                [!provide]                        PROVIDE (etext = .)
                0x00000000c0005000                . = ALIGN (CONSTANT (MAXPAGESIZE))
                0x00000000c0005000                . = SEGMENT_START ("rodata-segment", (ALIGN (CONSTANT (MAXPAGESIZE)) + (. & (CONSTANT (MAXPAGESIZE) - 0x1))))

.rodata         0x00000000c0005000      0x9ae
 *(.rodata .rodata.* .gnu.linkonce.r.*)
 .rodata        0x00000000c0005000        0xe build/main.o
 .rodata        0x00000000c000500e        0xb build/init.o
 *fill*         0x00000000c0005019        0x3 
 .rodata        0x00000000c000501c      0x2b8 build/interrupt.o
 .rodata        0x00000000c00052d4       0x6f build/timer.o
 *fill*         0x00000000c0005343        0x1 
 .rodata        0x00000000c0005344       0x33 build/bitmap.o
 *fill*         0x00000000c0005377        0x1 
 .rodata        0x00000000c0005378      0x114 build/memory.o
 .rodata        0x00000000c000548c       0xb4 build/string.o
 .rodata        0x00000000c0005540       0x3c build/debug.o
 .rodata        0x00000000c000557c      0x2a7 build/thread.o
 *fill*         0x00000000c0005823        0x1 
 .rodata        0x00000000c0005824      0x101 build/sync.o
 .rodata        0x00000000c0005925       0x3a build/keyboard.o
 *fill*         0x00000000c000595f        0x1 
 .rodata        0x00000000c0005960       0x4e build/ioqueue.o

.rodata1
 *(.rodata1)

.eh_frame_hdr
 *(.eh_frame_hdr)
 *(.eh_frame_entry .eh_frame_entry.*)

.eh_frame       0x00000000c00059b0      0xc50
 *(.eh_frame)
 .eh_frame      0x00000000c00059b0       0x54 build/main.o
 .eh_frame      0x00000000c0005a04       0x24 build/init.o
                                         0x50 (size before relaxing)
 .eh_frame      0x00000000c0005a28      0x1c8 build/interrupt.o
                                        0x1f4 (size before relaxing)
 .eh_frame      0x00000000c0005bf0       0x94 build/timer.o
                                         0xd4 (size before relaxing)
 .eh_frame      0x00000000c0005c84       0x8c build/bitmap.o
                                         0xb8 (size before relaxing)
 .eh_frame      0x00000000c0005d10      0x184 build/memory.o
                                        0x1c4 (size before relaxing)
 .eh_frame      0x00000000c0005e94      0x168 build/string.o
                                        0x194 (size before relaxing)
 .eh_frame      0x00000000c0005ffc       0x1c build/debug.o
                                         0x48 (size before relaxing)
 .eh_frame      0x00000000c0006018      0x174 build/thread.o
                                        0x1b4 (size before relaxing)
 .eh_frame      0x00000000c000618c      0x148 build/list.o
                                        0x188 (size before relaxing)
 .eh_frame      0x00000000c00062d4       0xd8 build/sync.o
                                        0x118 (size before relaxing)
 .eh_frame      0x00000000c00063ac       0xd8 build/console.o
                                        0x118 (size before relaxing)
 .eh_frame      0x00000000c0006484       0x68 build/keyboard.o
                                         0xa8 (size before relaxing)
 .eh_frame      0x00000000c00064ec      0x114 build/ioqueue.o
                                        0x154 (size before relaxing)
 *(.eh_frame.*)

.gcc_except_table
 *(.gcc_except_table .gcc_except_table.*)

.gnu_extab
 *(.gnu_extab*)

.exception_ranges
 *(.exception_ranges*)
                0x00000000c0008000                . = DATA_SEGMENT_ALIGN (CONSTANT (MAXPAGESIZE), CONSTANT (COMMONPAGESIZE))

.eh_frame
 *(.eh_frame)
 *(.eh_frame.*)

.gnu_extab
 *(.gnu_extab)

.gcc_except_table
 *(.gcc_except_table .gcc_except_table.*)

.exception_ranges
 *(.exception_ranges*)

.tdata          0x00000000c0008000        0x0
                [!provide]                        PROVIDE (__tdata_start = .)
 *(.tdata .tdata.* .gnu.linkonce.td.*)

.tbss
 *(.tbss .tbss.* .gnu.linkonce.tb.*)
 *(.tcommon)

.preinit_array  0x00000000c0008000        0x0
                [!provide]                        PROVIDE (__preinit_array_start = .)
 *(.preinit_array)
                [!provide]                        PROVIDE (__preinit_array_end = .)

.init_array     0x00000000c0008000        0x0
                [!provide]                        PROVIDE (__init_array_start = .)
 *(SORT_BY_INIT_PRIORITY(.init_array.*) SORT_BY_INIT_PRIORITY(.ctors.*))
 *(.init_array EXCLUDE_FILE(*crtend?.o *crtend.o *crtbegin?.o *crtbegin.o) .ctors)
                [!provide]                        PROVIDE (__init_array_end = .)

.fini_array     0x00000000c0008000        0x0
                [!provide]                        PROVIDE (__fini_array_start = .)
 *(SORT_BY_INIT_PRIORITY(.fini_array.*) SORT_BY_INIT_PRIORITY(.dtors.*))
 *(.fini_array EXCLUDE_FILE(*crtend?.o *crtend.o *crtbegin?.o *crtbegin.o) .dtors)
                [!provide]                        PROVIDE (__fini_array_end = .)

.ctors
 *crtbegin.o(.ctors)
 *crtbegin?.o(.ctors)
 *(EXCLUDE_FILE(*crtend?.o *crtend.o) .ctors)
 *(SORT_BY_NAME(.ctors.*))
 *(.ctors)

.dtors
 *crtbegin.o(.dtors)
 *crtbegin?.o(.dtors)
 *(EXCLUDE_FILE(*crtend?.o *crtend.o) .dtors)
 *(SORT_BY_NAME(.dtors.*))
 *(.dtors)

.jcr
 *(.jcr)

.data.rel.ro
 *(.data.rel.ro.local* .gnu.linkonce.d.rel.ro.local.*)
 *(.data.rel.ro .data.rel.ro.* .gnu.linkonce.d.rel.ro.*)

.dynamic
 *(.dynamic)

.got            0x00000000c0008000        0x0
 *(.got)
 .got           0x00000000c0008000        0x0 build/main.o
 *(.igot)
                0x00000000c0008ff4                . = DATA_SEGMENT_RELRO_END (., (SIZEOF (.got.plt) >= 0xc)?0xc:0x0)

.got.plt        0x00000000c0008000        0xc
 *(.got.plt)
 .got.plt       0x00000000c0008000        0xc build/main.o
                0x00000000c0008000                _GLOBAL_OFFSET_TABLE_
 *(.igot.plt)
 .igot.plt      0x00000000c000800c        0x0 build/main.o

.data           0x00000000c0008020      0x156
 *(.data .data.* .gnu.linkonce.d.*)
 .data          0x00000000c0008020        0x0 build/main.o
 .data          0x00000000c0008020        0x0 build/init.o
 .data          0x00000000c0008020        0x0 build/interrupt.o
 .data          0x00000000c0008020        0x0 build/timer.o
 .data          0x00000000c0008020       0xd2 build/kernel.o
                0x00000000c0008032                intr_entry_table
 *fill*         0x00000000c00080f2        0x2 
 .data          0x00000000c00080f4        0x8 build/print.o
 .data          0x00000000c00080fc        0x0 build/bitmap.o
 .data          0x00000000c00080fc        0x0 build/memory.o
 .data          0x00000000c00080fc        0x0 build/string.o
 .data          0x00000000c00080fc        0x0 build/debug.o
 .data          0x00000000c00080fc        0x0 build/thread.o
 .data          0x00000000c00080fc        0x0 build/list.o
 .data          0x00000000c00080fc        0x0 build/sync.o
 .data          0x00000000c00080fc        0x0 build/console.o
 *fill*         0x00000000c00080fc        0x4 
 .data          0x00000000c0008100       0x76 build/keyboard.o
 .data          0x00000000c0008176        0x0 build/ioqueue.o

.data1
 *(.data1)
                0x00000000c0008176                _edata = .
                [!provide]                        PROVIDE (edata = .)
                0x00000000c0008176                . = .
                0x00000000c0008176                __bss_start = .

.bss            0x00000000c0008180      0x434
 *(.dynbss)
 *(.bss .bss.* .gnu.linkonce.b.*)
 .bss           0x00000000c0008180        0x0 build/main.o
 .bss           0x00000000c0008180        0x0 build/init.o
 .bss           0x00000000c0008180      0x180 build/interrupt.o
 .bss           0x00000000c0008300        0x0 build/timer.o
 .bss           0x00000000c0008300        0x0 build/bitmap.o
 .bss           0x00000000c0008300        0x0 build/memory.o
 .bss           0x00000000c0008300        0x0 build/string.o
 .bss           0x00000000c0008300        0x0 build/debug.o
 .bss           0x00000000c0008300        0x4 build/thread.o
 .bss           0x00000000c0008304        0x0 build/list.o
 .bss           0x00000000c0008304        0x0 build/sync.o
 .bss           0x00000000c0008304       0x1c build/console.o
 .bss           0x00000000c0008320       0xb4 build/keyboard.o
 .bss           0x00000000c00083d4        0x0 build/ioqueue.o
 *(COMMON)
 *fill*         0x00000000c00083d4        0xc 
 COMMON         0x00000000c00083e0      0x180 build/interrupt.o
                0x00000000c00083e0                intr_name
                0x00000000c00084a0                idt_table
 COMMON         0x00000000c0008560        0x4 build/timer.o
                0x00000000c0008560                ticks
 COMMON         0x00000000c0008564       0x2c build/memory.o
                0x00000000c0008564                user_pool
                0x00000000c0008574                kernel_addr
                0x00000000c0008580                kernel_pool
 COMMON         0x00000000c0008590       0x24 build/thread.o
                0x00000000c0008590                thread_ready_list
                0x00000000c00085a0                thread_all_list
                0x00000000c00085b0                main_thread
                0x00000000c00085b4                . = ALIGN ((. != 0x0)?0x4:0x1)
                0x00000000c00085b4                . = ALIGN (0x4)
                0x00000000c00085b4                . = SEGMENT_START ("ldata-segment", .)
                0x00000000c00085b4                . = ALIGN (0x4)
                0x00000000c00085b4                _end = .
                [!provide]                        PROVIDE (end = .)
                0x00000000c00085b4                . = DATA_SEGMENT_END (.)

.stab
 *(.stab)

.stabstr
 *(.stabstr)

.stab.excl
 *(.stab.excl)

.stab.exclstr
 *(.stab.exclstr)

.stab.index
 *(.stab.index)

.stab.indexstr
 *(.stab.indexstr)

.comment        0x0000000000000000       0x2a
 *(.comment)
 .comment       0x0000000000000000       0x2a build/main.o
                                         0x2b (size before relaxing)
 .comment       0x000000000000002a       0x2b build/init.o
 .comment       0x000000000000002a       0x2b build/interrupt.o
 .comment       0x000000000000002a       0x2b build/timer.o
 .comment       0x000000000000002a       0x2b build/bitmap.o
 .comment       0x000000000000002a       0x2b build/memory.o
 .comment       0x000000000000002a       0x2b build/string.o
 .comment       0x000000000000002a       0x2b build/debug.o
 .comment       0x000000000000002a       0x2b build/thread.o
 .comment       0x000000000000002a       0x2b build/list.o
 .comment       0x000000000000002a       0x2b build/sync.o
 .comment       0x000000000000002a       0x2b build/console.o
 .comment       0x000000000000002a       0x2b build/keyboard.o
 .comment       0x000000000000002a       0x2b build/ioqueue.o

.gnu.build.attributes
 *(.gnu.build.attributes .gnu.build.attributes.*)

.debug
 *(.debug)

.line
 *(.line)

.debug_srcinfo
 *(.debug_srcinfo)

.debug_sfnames
 *(.debug_sfnames)

.debug_aranges
 *(.debug_aranges)

.debug_pubnames
 *(.debug_pubnames)

.debug_info
 *(.debug_info .gnu.linkonce.wi.*)

.debug_abbrev
 *(.debug_abbrev)

.debug_line
 *(.debug_line .debug_line.* .debug_line_end)

.debug_frame
 *(.debug_frame)

.debug_str
 *(.debug_str)

.debug_loc
 *(.debug_loc)

.debug_macinfo
 *(.debug_macinfo)

.debug_weaknames
 *(.debug_weaknames)

.debug_funcnames
 *(.debug_funcnames)

.debug_typenames
 *(.debug_typenames)

.debug_varnames
 *(.debug_varnames)

.debug_pubtypes
 *(.debug_pubtypes)

.debug_ranges
 *(.debug_ranges)

.debug_macro
 *(.debug_macro)

.debug_addr
 *(.debug_addr)

.gnu.attributes
 *(.gnu.attributes)

/DISCARD/
 *(.note.GNU-stack)
 *(.gnu_debuglink)
 *(.gnu.lto_*)
OUTPUT(build/kernel.bin elf32-i386)
